Component: ARM Compiler 6.15 Tool: armlink [5dd79300]

==============================================================================

Section Cross References

    main_1.o(.text) refers (Special) to _printf_d.o(.ARM.Collect$$_printf_percent$$00000009) for _printf_d
    main_1.o(.text) refers (Special) to _printf_f.o(.ARM.Collect$$_printf_percent$$00000003) for _printf_f
    main_1.o(.text) refers (Special) to printf1.o(x$fpl$printf1) for _printf_fp_dec
    main_1.o(.text) refers (Special) to _printf_dec.o(.text) for _printf_int_dec
    main_1.o(.text) refers (Special) to _printf_percent.o(.ARM.Collect$$_printf_percent$$00000000) for _printf_percent
    main_1.o(.text.main) refers (Special) to _printf_d.o(.ARM.Collect$$_printf_percent$$00000009) for _printf_d
    main_1.o(.text.main) refers (Special) to _printf_f.o(.ARM.Collect$$_printf_percent$$00000003) for _printf_f
    main_1.o(.text.main) refers (Special) to printf1.o(x$fpl$printf1) for _printf_fp_dec
    main_1.o(.text.main) refers (Special) to _printf_dec.o(.text) for _printf_int_dec
    main_1.o(.text.main) refers (Special) to _printf_percent.o(.ARM.Collect$$_printf_percent$$00000000) for _printf_percent
    main_1.o(.text.main) refers to stm32f4xx_hal.o(.text.HAL_Init) for HAL_Init
    main_1.o(.text.main) refers to main_1.o(.text.SystemClock_Config) for SystemClock_Config
    main_1.o(.text.main) refers to main_1.o(.text.MX_GPIO_Init) for MX_GPIO_Init
    main_1.o(.text.main) refers to main_1.o(.text.MX_TIM3_Init) for MX_TIM3_Init
    main_1.o(.text.main) refers to main_1.o(.text.MX_USART3_UART_Init) for MX_USART3_UART_Init
    main_1.o(.text.main) refers to main_1.o(.bss.htim3) for htim3
    main_1.o(.text.main) refers to stm32f4xx_hal_tim.o(.text.HAL_TIM_Base_Start_IT) for HAL_TIM_Base_Start_IT
    main_1.o(.text.main) refers to main_1.o(.bss.NB_pred) for NB_pred
    main_1.o(.text.main) refers to main_1.o(.rodata.theta) for theta
    main_1.o(.text.main) refers to main_1.o(.bss.str2) for str2
    main_1.o(.text.main) refers to main_1.o(.bss.huart3) for huart3
    main_1.o(.text.main) refers to main_1.o(.bss.str) for str
    main_1.o(.text.main) refers to main_1.o(.rodata.str1.1) for .L.str.2
    main_1.o(.text.main) refers to main_1.o(.rodata.sigma) for sigma
    main_1.o(.text.main) refers to main_1.o(.rodata.classPriors) for classPriors
    main_1.o(.text.main) refers to bayesfunctions.o(.text.arm_gaussian_naive_bayes_predict_f32) for arm_gaussian_naive_bayes_predict_f32
    main_1.o(.text.main) refers to statisticsfunctions.o(.text.arm_max_f32) for arm_max_f32
    main_1.o(.text.main) refers to f2d.o(x$fpl$f2d) for __aeabi_f2d
    main_1.o(.text.main) refers to noretval__2sprintf.o(.text) for __2sprintf
    main_1.o(.text.main) refers to strlen.o(.text) for strlen
    main_1.o(.text.main) refers to stm32f4xx_hal_uart.o(.text.HAL_UART_Transmit) for HAL_UART_Transmit
    main_1.o(.text.main) refers to stm32f4xx_hal.o(.text.HAL_SuspendTick) for HAL_SuspendTick
    main_1.o(.text.main) refers to stm32f4xx_hal_pwr.o(.text.HAL_PWR_EnterSLEEPMode) for HAL_PWR_EnterSLEEPMode
    main_1.o(.text.main) refers to stm32f4xx_hal.o(.text.HAL_ResumeTick) for HAL_ResumeTick
    main_1.o(.ARM.exidx.text.main) refers (Special) to _printf_d.o(.ARM.Collect$$_printf_percent$$00000009) for _printf_d
    main_1.o(.ARM.exidx.text.main) refers (Special) to _printf_f.o(.ARM.Collect$$_printf_percent$$00000003) for _printf_f
    main_1.o(.ARM.exidx.text.main) refers (Special) to printf1.o(x$fpl$printf1) for _printf_fp_dec
    main_1.o(.ARM.exidx.text.main) refers (Special) to _printf_dec.o(.text) for _printf_int_dec
    main_1.o(.ARM.exidx.text.main) refers (Special) to _printf_percent.o(.ARM.Collect$$_printf_percent$$00000000) for _printf_percent
    main_1.o(.ARM.exidx.text.main) refers to main_1.o(.text.main) for [Anonymous Symbol]
    main_1.o(.text.SystemClock_Config) refers (Special) to _printf_d.o(.ARM.Collect$$_printf_percent$$00000009) for _printf_d
    main_1.o(.text.SystemClock_Config) refers (Special) to _printf_f.o(.ARM.Collect$$_printf_percent$$00000003) for _printf_f
    main_1.o(.text.SystemClock_Config) refers (Special) to printf1.o(x$fpl$printf1) for _printf_fp_dec
    main_1.o(.text.SystemClock_Config) refers (Special) to _printf_dec.o(.text) for _printf_int_dec
    main_1.o(.text.SystemClock_Config) refers (Special) to _printf_percent.o(.ARM.Collect$$_printf_percent$$00000000) for _printf_percent
    main_1.o(.text.SystemClock_Config) refers to rt_memclr_w.o(.text) for __aeabi_memclr4
    main_1.o(.text.SystemClock_Config) refers to stm32f4xx_hal_rcc.o(.text.HAL_RCC_OscConfig) for HAL_RCC_OscConfig
    main_1.o(.text.SystemClock_Config) refers to stm32f4xx_hal_rcc.o(.text.HAL_RCC_ClockConfig) for HAL_RCC_ClockConfig
    main_1.o(.text.SystemClock_Config) refers to main_1.o(.text.Error_Handler) for Error_Handler
    main_1.o(.ARM.exidx.text.SystemClock_Config) refers (Special) to _printf_d.o(.ARM.Collect$$_printf_percent$$00000009) for _printf_d
[...]
    ../clib/signal.c                         0x00000000   Number         0  defsig_other.o ABSOLUTE
    ../clib/signal.s                         0x00000000   Number         0  defsig.o ABSOLUTE
    ../clib/stdlib.c                         0x00000000   Number         0  exit.o ABSOLUTE
    ../clib/string.c                         0x00000000   Number         0  strlen.o ABSOLUTE
    ../fplib/basic.s                         0x00000000   Number         0  basic.o ABSOLUTE
    ../fplib/d2f.s                           0x00000000   Number         0  d2f.o ABSOLUTE
    ../fplib/daddsub.s                       0x00000000   Number         0  daddsub_clz.o ABSOLUTE
    ../fplib/dcmp.s                          0x00000000   Number         0  dcmp.o ABSOLUTE
    ../fplib/dcmpi.s                         0x00000000   Number         0  dcmpi.o ABSOLUTE
    ../fplib/ddiv.s                          0x00000000   Number         0  ddiv.o ABSOLUTE
    ../fplib/deqf.s                          0x00000000   Number         0  deqf.o ABSOLUTE
    ../fplib/dflt.s                          0x00000000   Number         0  dflt_clz.o ABSOLUTE
    ../fplib/dgeqf.s                         0x00000000   Number         0  dgeqf.o ABSOLUTE
    ../fplib/dleqf.s                         0x00000000   Number         0  dleqf.o ABSOLUTE
    ../fplib/dmul.s                          0x00000000   Number         0  dmul.o ABSOLUTE
    ../fplib/dnaninf.s                       0x00000000   Number         0  dnaninf.o ABSOLUTE
    ../fplib/dretinf.s                       0x00000000   Number         0  dretinf.o ABSOLUTE
    ../fplib/f2d.s                           0x00000000   Number         0  f2d.o ABSOLUTE
    ../fplib/ffixll.s                        0x00000000   Number         0  ffixll.o ABSOLUTE
    ../fplib/fnaninf.s                       0x00000000   Number         0  fnaninf.o ABSOLUTE
    ../fplib/fpinit.s                        0x00000000   Number         0  fpinit.o ABSOLUTE
    ../fplib/fretinf.s                       0x00000000   Number         0  fretinf.o ABSOLUTE
    ../fplib/istatus.s                       0x00000000   Number         0  istatus.o ABSOLUTE
    ../fplib/printf1.s                       0x00000000   Number         0  printf1.o ABSOLUTE
    ../fplib/usenofp.s                       0x00000000   Number         0  usenofp.o ABSOLUTE
    ../mathlib/dunder.c                      0x00000000   Number         0  dunder.o ABSOLUTE
    ../mathlib/expf.c                        0x00000000   Number         0  expf.o ABSOLUTE
    ../mathlib/fpclassify.c                  0x00000000   Number         0  fpclassify.o ABSOLUTE
    ../mathlib/fpclassifyf.c                 0x00000000   Number         0  fpclassifyf.o ABSOLUTE
    ../mathlib/funder.c                      0x00000000   Number         0  funder.o ABSOLUTE
    ../mathlib/log.c                         0x00000000   Number         0  log.o ABSOLUTE
    ../mathlib/logf.c                        0x00000000   Number         0  logf.o ABSOLUTE
    ../mathlib/poly.c                        0x00000000   Number         0  poly.o ABSOLUTE
    ../mathlib/powf.c                        0x00000000   Number         0  powf.o ABSOLUTE
    ../mathlib/qnan.c                        0x00000000   Number         0  qnan.o ABSOLUTE
    ../mathlib/sqrtf.c                       0x00000000   Number         0  sqrtf.o ABSOLUTE
    ../mathlib/tanhf.c                       0x00000000   Number         0  tanhf.o ABSOLUTE
    BasicMathFunctions.c                     0x00000000   Number         0  basicmathfunctions.o ABSOLUTE
    BayesFunctions.c                         0x00000000   Number         0  bayesfunctions.o ABSOLUTE
    CommonTables.c                           0x00000000   Number         0  commontables.o ABSOLUTE
    ComplexMathFunctions.c                   0x00000000   Number         0  complexmathfunctions.o ABSOLUTE
    ControllerFunctions.c                    0x00000000   Number         0  controllerfunctions.o ABSOLUTE
    DistanceFunctions.c                      0x00000000   Number         0  distancefunctions.o ABSOLUTE
    FastMathFunctions.c                      0x00000000   Number         0  fastmathfunctions.o ABSOLUTE
    FilteringFunctions.c                     0x00000000   Number         0  filteringfunctions.o ABSOLUTE
    MatrixFunctions.c                        0x00000000   Number         0  matrixfunctions.o ABSOLUTE
    RTE/Device/STM32F407VGTx/startup_stm32f407xx.s 0x00000000   Number         0  startup_stm32f407xx.o ABSOLUTE
    SVMFunctions.c                           0x00000000   Number         0  svmfunctions.o ABSOLUTE
    StatisticsFunctions.c                    0x00000000   Number         0  statisticsfunctions.o ABSOLUTE
    SupportFunctions.c                       0x00000000   Number         0  supportfunctions.o ABSOLUTE
    TransformFunctions.c                     0x00000000   Number         0  transformfunctions.o ABSOLUTE
    dc.s                                     0x00000000   Number         0  dc.o ABSOLUTE
    main.c                                   0x00000000   Number         0  main_1.o ABSOLUTE
    stm32f4xx_hal.c                          0x00000000   Number         0  stm32f4xx_hal.o ABSOLUTE
    stm32f4xx_hal_cortex.c                   0x00000000   Number         0  stm32f4xx_hal_cortex.o ABSOLUTE
    stm32f4xx_hal_dma.c                      0x00000000   Number         0  stm32f4xx_hal_dma.o ABSOLUTE
    stm32f4xx_hal_dma_ex.c                   0x00000000   Number         0  stm32f4xx_hal_dma_ex.o ABSOLUTE
    stm32f4xx_hal_gpio.c                     0x00000000   Number         0  stm32f4xx_hal_gpio.o ABSOLUTE
    stm32f4xx_hal_msp.c                      0x00000000   Number         0  stm32f4xx_hal_msp_1.o ABSOLUTE
    stm32f4xx_hal_pwr.c                      0x00000000   Number         0  stm32f4xx_hal_pwr.o ABSOLUTE
    stm32f4xx_hal_pwr_ex.c                   0x00000000   Number         0  stm32f4xx_hal_pwr_ex.o ABSOLUTE
    stm32f4xx_hal_rcc.c                      0x00000000   Number         0  stm32f4xx_hal_rcc.o ABSOLUTE
    stm32f4xx_hal_rcc_ex.c                   0x00000000   Number         0  stm32f4xx_hal_rcc_ex.o ABSOLUTE
    stm32f4xx_hal_tim.c                      0x00000000   Number         0  stm32f4xx_hal_tim.o ABSOLUTE
    stm32f4xx_hal_tim_ex.c                   0x00000000   Number         0  stm32f4xx_hal_tim_ex.o ABSOLUTE
    stm32f4xx_hal_uart.c                     0x00000000   Number         0  stm32f4xx_hal_uart.o ABSOLUTE
    stm32f4xx_hal_usart.c                    0x00000000   Number         0  stm32f4xx_hal_usart.o ABSOLUTE
    stm32f4xx_it.c                           0x00000000   Number         0  stm32f4xx_it_1.o ABSOLUTE
    system_stm32f4xx.c                       0x00000000   Number         0  system_stm32f4xx.o ABSOLUTE
    RESET                                    0x08000000   Section      392  startup_stm32f407xx.o(RESET)
    !!!main                                  0x08000188   Section        8  __main.o(!!!main)
    !!!scatter                               0x08000190   Section       52  __scatter.o(!!!scatter)
    !!handler_copy                           0x080001c4   Section       26  __scatter_copy.o(!!handler_copy)
    !!handler_zi                             0x080001e0   Section       28  __scatter_zi.o(!!handler_zi)
    .ARM.Collect$$_printf_percent$$00000000  0x080001fc   Section        0  _printf_percent.o(.ARM.Collect$$_printf_percent$$00000000)
    .ARM.Collect$$_printf_percent$$00000003  0x080001fc   Section        6  _printf_f.o(.ARM.Collect$$_printf_percent$$00000003)
    .ARM.Collect$$_printf_percent$$00000009  0x08000202   Section        6  _printf_d.o(.ARM.Collect$$_printf_percent$$00000009)
    .ARM.Collect$$_printf_percent$$00000017  0x08000208   Section        4  _printf_percent_end.o(.ARM.Collect$$_printf_percent$$00000017)
    .ARM.Collect$$libinit$$00000000          0x0800020c   Section        2  libinit.o(.ARM.Collect$$libinit$$00000000)
    .ARM.Collect$$libinit$$00000001          0x0800020e   Section        4  libinit2.o(.ARM.Collect$$libinit$$00000001)
    .ARM.Collect$$libinit$$00000004          0x08000212   Section        0  libinit2.o(.ARM.Collect$$libinit$$00000004)
    .ARM.Collect$$libinit$$0000000A          0x08000212   Section        0  libinit2.o(.ARM.Collect$$libinit$$0000000A)
    .ARM.Collect$$libinit$$0000000C          0x08000212   Section        0  libinit2.o(.ARM.Collect$$libinit$$0000000C)
    .ARM.Collect$$libinit$$0000000E          0x08000212   Section        0  libinit2.o(.ARM.Collect$$libinit$$0000000E)
    .ARM.Collect$$libinit$$0000000F          0x08000212   Section        6  libinit2.o(.ARM.Collect$$libinit$$0000000F)
    .ARM.Collect$$libinit$$00000011          0x08000218   Section        0  libinit2.o(.ARM.Collect$$libinit$$00000011)
    .ARM.Collect$$libinit$$00000013          0x08000218   Section        0  libinit2.o(.ARM.Collect$$libinit$$00000013)
    .ARM.Collect$$libinit$$00000015          0x08000218   Section        0  libinit2.o(.ARM.Collect$$libinit$$00000015)
    .ARM.Collect$$libinit$$00000016          0x08000218   Section       10  libinit2.o(.ARM.Collect$$libinit$$00000016)
    .ARM.Collect$$libinit$$00000017          0x08000222   Section        0  libinit2.o(.ARM.Collect$$libinit$$00000017)
    .ARM.Collect$$libinit$$00000019          0x08000222   Section        0  libinit2.o(.ARM.Collect$$libinit$$00000019)
    .ARM.Collect$$libinit$$0000001B          0x08000222   Section        0  libinit2.o(.ARM.Collect$$libinit$$0000001B)
    .ARM.Collect$$libinit$$0000001D          0x08000222   Section        0  libinit2.o(.ARM.Collect$$libinit$$0000001D)
    .ARM.Collect$$libinit$$0000001F          0x08000222   Section        0  libinit2.o(.ARM.Collect$$libinit$$0000001F)
    .ARM.Collect$$libinit$$00000021          0x08000222   Section        0  libinit2.o(.ARM.Collect$$libinit$$00000021)
    .ARM.Collect$$libinit$$00000023          0x08000222   Section        0  libinit2.o(.ARM.Collect$$libinit$$00000023)
    .ARM.Collect$$libinit$$00000025          0x08000222   Section        0  libinit2.o(.ARM.Collect$$libinit$$00000025)
    .ARM.Collect$$libinit$$0000002C          0x08000222   Section        0  libinit2.o(.ARM.Collect$$libinit$$0000002C)
    .ARM.Collect$$libinit$$0000002E          0x08000222   Section        0  libinit2.o(.ARM.Collect$$libinit$$0000002E)
    .ARM.Collect$$libinit$$00000030          0x08000222   Section        0  libinit2.o(.ARM.Collect$$libinit$$00000030)
    .ARM.Collect$$libinit$$00000032          0x08000222   Section        0  libinit2.o(.ARM.Collect$$libinit$$00000032)
    .ARM.Collect$$libinit$$00000033          0x08000222   Section        2  libinit2.o(.ARM.Collect$$libinit$$00000033)
    .ARM.Collect$$libshutdown$$00000000      0x08000224   Section        2  libshutdown.o(.ARM.Collect$$libshutdown$$00000000)
    .ARM.Collect$$libshutdown$$00000002      0x08000226   Section        0  libshutdown2.o(.ARM.Collect$$libshutdown$$00000002)
    .ARM.Collect$$libshutdown$$00000004      0x08000226   Section        0  libshutdown2.o(.ARM.Collect$$libshutdown$$00000004)
    .ARM.Collect$$libshutdown$$00000007      0x08000226   Section        0  libshutdown2.o(.ARM.Collect$$libshutdown$$00000007)
    .ARM.Collect$$libshutdown$$0000000A      0x08000226   Section        0  libshutdown2.o(.ARM.Collect$$libshutdown$$0000000A)
    .ARM.Collect$$libshutdown$$0000000C      0x08000226   Section        0  libshutdown2.o(.ARM.Collect$$libshutdown$$0000000C)
    .ARM.Collect$$libshutdown$$0000000F      0x08000226   Section        0  libshutdown2.o(.ARM.Collect$$libshutdown$$0000000F)
    .ARM.Collect$$libshutdown$$00000010      0x08000226   Section        2  libshutdown2.o(.ARM.Collect$$libshutdown$$00000010)
    .ARM.Collect$$rtentry$$00000000          0x08000228   Section        0  __rtentry.o(.ARM.Collect$$rtentry$$00000000)
    .ARM.Collect$$rtentry$$00000002          0x08000228   Section        0  __rtentry2.o(.ARM.Collect$$rtentry$$00000002)
    .ARM.Collect$$rtentry$$00000004          0x08000228   Section        6  __rtentry4.o(.ARM.Collect$$rtentry$$00000004)
    .ARM.Collect$$rtentry$$00000009          0x0800022e   Section        0  __rtentry2.o(.ARM.Collect$$rtentry$$00000009)
    .ARM.Collect$$rtentry$$0000000A          0x0800022e   Section        4  __rtentry2.o(.ARM.Collect$$rtentry$$0000000A)
    .ARM.Collect$$rtentry$$0000000C          0x08000232   Section        0  __rtentry2.o(.ARM.Collect$$rtentry$$0000000C)
    .ARM.Collect$$rtentry$$0000000D          0x08000232   Section        8  __rtentry2.o(.ARM.Collect$$rtentry$$0000000D)
    .ARM.Collect$$rtexit$$00000000           0x0800023a   Section        2  rtexit.o(.ARM.Collect$$rtexit$$00000000)
    .ARM.Collect$$rtexit$$00000002           0x0800023c   Section        0  rtexit2.o(.ARM.Collect$$rtexit$$00000002)
    .ARM.Collect$$rtexit$$00000003           0x0800023c   Section        4  rtexit2.o(.ARM.Collect$$rtexit$$00000003)
    .ARM.Collect$$rtexit$$00000004           0x08000240   Section        6  rtexit2.o(.ARM.Collect$$rtexit$$00000004)
    $v0                                      0x08000248   Number         0  startup_stm32f407xx.o(.text)
    .text                                    0x08000248   Section       64  startup_stm32f407xx.o(.text)
    .text                                    0x08000288   Section      240  lludivv7m.o(.text)
    .text                                    0x08000378   Section        0  noretval__2sprintf.o(.text)
    .text                                    0x080003a0   Section        0  __printf.o(.text)
    .text                                    0x08000408   Section        0  _printf_dec.o(.text)
    .text                                    0x08000480   Section        0  strlen.o(.text)
    .text                                    0x080004be   Section       78  rt_memclr_w.o(.text)
    .text                                    0x0800050c   Section        0  heapauxi.o(.text)
    .text                                    0x08000512   Section        0  _rserrno.o(.text)
    .text                                    0x08000528   Section        0  _printf_intcommon.o(.text)
    _fp_digits                               0x080005db   Thumb Code   432  _printf_fp_dec.o(.text)
    .text                                    0x080005da   Section        0  _printf_fp_dec.o(.text)
    _printf_input_char                       0x080009f9   Thumb Code    10  _printf_char_common.o(.text)
    .text                                    0x080009f8   Section        0  _printf_char_common.o(.text)
    .text                                    0x08000a28   Section        0  _sputc.o(.text)
    .text                                    0x08000a34   Section        8  rt_locale_intlibspace.o(.text)
    .text                                    0x08000a3c   Section        8  rt_errno_addr_intlibspace.o(.text)
    .text                                    0x08000a44   Section      138  lludiv10.o(.text)
    .text                                    0x08000ad0   Section        0  _printf_fp_infnan.o(.text)
    .text                                    0x08000b50   Section        0  bigflt0.o(.text)
    .text                                    0x08000c34   Section        8  libspace.o(.text)
    .text                                    0x08000c3c   Section       74  sys_stackheap_outer.o(.text)
    .text                                    0x08000c86   Section        0  exit.o(.text)
    .text                                    0x08000c98   Section      124  strcmpv7em.o(.text)
    .text                                    0x08000d14   Section        0  sys_exit.o(.text)
    .text                                    0x08000d20   Section        2  use_no_semi.o(.text)
    .text                                    0x08000d22   Section        0  indicate_semi.o(.text)
    [Anonymous Symbol]                       0x08000d24   Section        0  stm32f4xx_it_1.o(.text.BusFault_Handler)
    [Anonymous Symbol]                       0x08000d28   Section        0  stm32f4xx_it_1.o(.text.DebugMon_Handler)
    [Anonymous Symbol]                       0x08000d2c   Section        0  main_1.o(.text.Error_Handler)
    [Anonymous Symbol]                       0x08000d38   Section        0  stm32f4xx_hal_gpio.o(.text.HAL_GPIO_Init)
    [Anonymous Symbol]                       0x08000ed4   Section        0  stm32f4xx_hal_gpio.o(.text.HAL_GPIO_WritePin)
    [Anonymous Symbol]                       0x08000ee0   Section        0  stm32f4xx_hal.o(.text.HAL_GetTick)
    [Anonymous Symbol]                       0x08000eec   Section        0  stm32f4xx_hal.o(.text.HAL_IncTick)
    [Anonymous Symbol]                       0x08000f08   Section        0  stm32f4xx_hal.o(.text.HAL_Init)
    [Anonymous Symbol]                       0x08000f38   Section        0  stm32f4xx_hal.o(.text.HAL_InitTick)
    [Anonymous Symbol]                       0x08000f88   Section        0  stm32f4xx_hal_msp_1.o(.text.HAL_MspInit)
    [Anonymous Symbol]                       0x08000fc0   Section        0  stm32f4xx_hal_cortex.o(.text.HAL_NVIC_EnableIRQ)
    [Anonymous Symbol]                       0x08000fc8   Section        0  stm32f4xx_hal_cortex.o(.text.HAL_NVIC_SetPriority)
    [Anonymous Symbol]                       0x08000fe8   Section        0  stm32f4xx_hal_cortex.o(.text.HAL_NVIC_SetPriorityGrouping)
    [Anonymous Symbol]                       0x08000ff0   Section        0  stm32f4xx_hal_pwr.o(.text.HAL_PWR_EnterSLEEPMode)
    [Anonymous Symbol]                       0x08001010   Section        0  stm32f4xx_hal_rcc.o(.text.HAL_RCC_ClockConfig)
    [Anonymous Symbol]                       0x08001170   Section        0  stm32f4xx_hal_rcc.o(.text.HAL_RCC_GetHCLKFreq)
    [Anonymous Symbol]                       0x0800117c   Section        0  stm32f4xx_hal_rcc.o(.text.HAL_RCC_GetPCLK1Freq)
    [Anonymous Symbol]                       0x080011a0   Section        0  stm32f4xx_hal_rcc.o(.text.HAL_RCC_GetPCLK2Freq)
    [Anonymous Symbol]                       0x080011c4   Section        0  stm32f4xx_hal_rcc.o(.text.HAL_RCC_GetSysClockFreq)
    [Anonymous Symbol]                       0x0800122c   Section        0  stm32f4xx_hal_rcc.o(.text.HAL_RCC_OscConfig)
    [Anonymous Symbol]                       0x08001560   Section        0  stm32f4xx_hal.o(.text.HAL_ResumeTick)
    [Anonymous Symbol]                       0x08001574   Section        0  stm32f4xx_hal_cortex.o(.text.HAL_SYSTICK_Config)
    [Anonymous Symbol]                       0x0800157c   Section        0  stm32f4xx_hal.o(.text.HAL_SuspendTick)
    [Anonymous Symbol]                       0x08001590   Section        0  stm32f4xx_hal_tim_ex.o(.text.HAL_TIMEx_BreakCallback)
    [Anonymous Symbol]                       0x08001594   Section        0  stm32f4xx_hal_tim_ex.o(.text.HAL_TIMEx_CommutCallback)
    [Anonymous Symbol]                       0x08001598   Section        0  stm32f4xx_hal_tim_ex.o(.text.HAL_TIMEx_MasterConfigSynchronization)
    [Anonymous Symbol]                       0x08001650   Section        0  stm32f4xx_hal_tim.o(.text.HAL_TIM_Base_Init)
    [Anonymous Symbol]                       0x08001688   Section        0  stm32f4xx_hal_msp_1.o(.text.HAL_TIM_Base_MspInit)
    [Anonymous Symbol]                       0x080016d0   Section        0  stm32f4xx_hal_tim.o(.text.HAL_TIM_Base_Start_IT)
    [Anonymous Symbol]                       0x080016f0   Section        0  stm32f4xx_hal_tim.o(.text.HAL_TIM_ConfigClockSource)
    [Anonymous Symbol]                       0x080017c0   Section        0  stm32f4xx_hal_tim.o(.text.HAL_TIM_IC_CaptureCallback)
    [Anonymous Symbol]                       0x080017c4   Section        0  stm32f4xx_hal_tim.o(.text.HAL_TIM_IRQHandler)
    [Anonymous Symbol]                       0x08001930   Section        0  stm32f4xx_hal_tim.o(.text.HAL_TIM_OC_DelayElapsedCallback)
    [Anonymous Symbol]                       0x08001934   Section        0  stm32f4xx_hal_tim.o(.text.HAL_TIM_PWM_PulseFinishedCallback)
    [Anonymous Symbol]                       0x08001938   Section        0  main_1.o(.text.HAL_TIM_PeriodElapsedCallback)
    [Anonymous Symbol]                       0x0800193c   Section        0  stm32f4xx_hal_tim.o(.text.HAL_TIM_TriggerCallback)
    [Anonymous Symbol]                       0x08001940   Section        0  stm32f4xx_hal_uart.o(.text.HAL_UART_Init)
    [Anonymous Symbol]                       0x080019a0   Section        0  stm32f4xx_hal_msp_1.o(.text.HAL_UART_MspInit)
    [Anonymous Symbol]                       0x08001a14   Section        0  stm32f4xx_hal_uart.o(.text.HAL_UART_Transmit)
    [Anonymous Symbol]                       0x08001ad8   Section        0  stm32f4xx_it_1.o(.text.HardFault_Handler)
    MX_GPIO_Init                             0x08001add   Thumb Code    90  main_1.o(.text.MX_GPIO_Init)
    [Anonymous Symbol]                       0x08001adc   Section        0  main_1.o(.text.MX_GPIO_Init)
    MX_TIM3_Init                             0x08001b39   Thumb Code   114  main_1.o(.text.MX_TIM3_Init)
    [Anonymous Symbol]                       0x08001b38   Section        0  main_1.o(.text.MX_TIM3_Init)
    MX_USART3_UART_Init                      0x08001bad   Thumb Code    88  main_1.o(.text.MX_USART3_UART_Init)
    [Anonymous Symbol]                       0x08001bac   Section        0  main_1.o(.text.MX_USART3_UART_Init)
    [Anonymous Symbol]                       0x08001c04   Section        0  stm32f4xx_it_1.o(.text.MemManage_Handler)
    [Anonymous Symbol]                       0x08001c08   Section        0  stm32f4xx_it_1.o(.text.NMI_Handler)
    NVIC_EncodePriority                      0x08001c0d   Thumb Code    44  stm32f4xx_hal_cortex.o(.text.NVIC_EncodePriority)
    [Anonymous Symbol]                       0x08001c0c   Section        0  stm32f4xx_hal_cortex.o(.text.NVIC_EncodePriority)
    [Anonymous Symbol]                       0x08001c38   Section        0  stm32f4xx_it_1.o(.text.PendSV_Handler)
    [Anonymous Symbol]                       0x08001c3c   Section        0  stm32f4xx_it_1.o(.text.SVC_Handler)
    SysTick_Config                           0x08001c41   Thumb Code    46  stm32f4xx_hal_cortex.o(.text.SysTick_Config)
    [Anonymous Symbol]                       0x08001c40   Section        0  stm32f4xx_hal_cortex.o(.text.SysTick_Config)
    [Anonymous Symbol]                       0x08001c70   Section        0  stm32f4xx_it_1.o(.text.SysTick_Handler)
    [Anonymous Symbol]                       0x08001c78   Section        0  main_1.o(.text.SystemClock_Config)
    [Anonymous Symbol]                       0x08001d14   Section        0  system_stm32f4xx.o(.text.SystemInit)
    [Anonymous Symbol]                       0x08001d30   Section        0  stm32f4xx_it_1.o(.text.TIM3_IRQHandler)
    [Anonymous Symbol]                       0x08001d40   Section        0  stm32f4xx_hal_tim.o(.text.TIM_Base_SetConfig)
    [Anonymous Symbol]                       0x08001e64   Section        0  stm32f4xx_hal_tim.o(.text.TIM_ETR_SetConfig)
    TIM_ITRx_SetConfig                       0x08001e7d   Thumb Code    16  stm32f4xx_hal_tim.o(.text.TIM_ITRx_SetConfig)
    [Anonymous Symbol]                       0x08001e7c   Section        0  stm32f4xx_hal_tim.o(.text.TIM_ITRx_SetConfig)
    TIM_TI1_ConfigInputStage                 0x08001e8d   Thumb Code    34  stm32f4xx_hal_tim.o(.text.TIM_TI1_ConfigInputStage)
    [Anonymous Symbol]                       0x08001e8c   Section        0  stm32f4xx_hal_tim.o(.text.TIM_TI1_ConfigInputStage)
    TIM_TI2_ConfigInputStage                 0x08001eb1   Thumb Code    36  stm32f4xx_hal_tim.o(.text.TIM_TI2_ConfigInputStage)
    [Anonymous Symbol]                       0x08001eb0   Section        0  stm32f4xx_hal_tim.o(.text.TIM_TI2_ConfigInputStage)
    UART_SetConfig                           0x08001ed5   Thumb Code   364  stm32f4xx_hal_uart.o(.text.UART_SetConfig)
    [Anonymous Symbol]                       0x08001ed4   Section        0  stm32f4xx_hal_uart.o(.text.UART_SetConfig)
    UART_WaitOnFlagUntilTimeout              0x08002041   Thumb Code   100  stm32f4xx_hal_uart.o(.text.UART_WaitOnFlagUntilTimeout)
    [Anonymous Symbol]                       0x08002040   Section        0  stm32f4xx_hal_uart.o(.text.UART_WaitOnFlagUntilTimeout)
    [Anonymous Symbol]                       0x080020a4   Section        0  stm32f4xx_it_1.o(.text.UsageFault_Handler)
    __NVIC_EnableIRQ                         0x080020a9   Thumb Code    32  stm32f4xx_hal_cortex.o(.text.__NVIC_EnableIRQ)
    [Anonymous Symbol]                       0x080020a8   Section        0  stm32f4xx_hal_cortex.o(.text.__NVIC_EnableIRQ)
    __NVIC_GetPriorityGrouping               0x080020c9   Thumb Code    16  stm32f4xx_hal_cortex.o(.text.__NVIC_GetPriorityGrouping)
    [Anonymous Symbol]                       0x080020c8   Section        0  stm32f4xx_hal_cortex.o(.text.__NVIC_GetPriorityGrouping)
    __NVIC_SetPriority                       0x080020d9   Thumb Code    34  stm32f4xx_hal_cortex.o(.text.__NVIC_SetPriority)
    [Anonymous Symbol]                       0x080020d8   Section        0  stm32f4xx_hal_cortex.o(.text.__NVIC_SetPriority)
    __NVIC_SetPriorityGrouping               0x080020fd   Thumb Code    32  stm32f4xx_hal_cortex.o(.text.__NVIC_SetPriorityGrouping)
    [Anonymous Symbol]                       0x080020fc   Section        0  stm32f4xx_hal_cortex.o(.text.__NVIC_SetPriorityGrouping)
    [Anonymous Symbol]                       0x0800211c   Section        0  bayesfunctions.o(.text.arm_gaussian_naive_bayes_predict_f32)
    [Anonymous Symbol]                       0x08002214   Section        0  statisticsfunctions.o(.text.arm_max_f32)
    [Anonymous Symbol]                       0x08002258   Section        0  main_1.o(.text.main)
    CL$$btod_d2e                             0x080023b4   Section       62  btod.o(CL$$btod_d2e)
    CL$$btod_d2e_denorm_low                  0x080023f2   Section       70  btod.o(CL$$btod_d2e_denorm_low)
    CL$$btod_d2e_norm_op1                    0x08002438   Section       96  btod.o(CL$$btod_d2e_norm_op1)
    CL$$btod_div_common                      0x08002498   Section      824  btod.o(CL$$btod_div_common)
    CL$$btod_e2e                             0x080027d0   Section      220  btod.o(CL$$btod_e2e)
    CL$$btod_ediv                            0x080028ac   Section       42  btod.o(CL$$btod_ediv)
    CL$$btod_emul                            0x080028d6   Section       42  btod.o(CL$$btod_emul)
    CL$$btod_mult_common                     0x08002900   Section      580  btod.o(CL$$btod_mult_common)
    i.__ARM_fpclassify                       0x08002b44   Section        0  fpclassify.o(i.__ARM_fpclassify)
    i.__hardfp_logf                          0x08002b74   Section        0  logf.o(i.__hardfp_logf)
    i.__mathlib_flt_divzero                  0x08002ce0   Section        0  funder.o(i.__mathlib_flt_divzero)
    i.__mathlib_flt_infnan                   0x08002cf4   Section        0  funder.o(i.__mathlib_flt_infnan)
    i.__mathlib_flt_invalid                  0x08002cfc   Section        0  funder.o(i.__mathlib_flt_invalid)
    locale$$code                             0x08002d0c   Section       44  lc_numeric_c.o(locale$$code)
    $v0                                      0x08002d38   Number         0  dretinf.o(x$fpl$dretinf)
    x$fpl$dretinf                            0x08002d38   Section       12  dretinf.o(x$fpl$dretinf)
    $v0                                      0x08002d44   Number         0  f2d.o(x$fpl$f2d)
    x$fpl$f2d                                0x08002d44   Section       86  f2d.o(x$fpl$f2d)
    $v0                                      0x08002d9a   Number         0  fnaninf.o(x$fpl$fnaninf)
    x$fpl$fnaninf                            0x08002d9a   Section      140  fnaninf.o(x$fpl$fnaninf)
    $v0                                      0x08002e26   Number         0  fpinit.o(x$fpl$fpinit)
    x$fpl$fpinit                             0x08002e26   Section       26  fpinit.o(x$fpl$fpinit)
    $v0                                      0x08002e40   Number         0  printf1.o(x$fpl$printf1)
    x$fpl$printf1                            0x08002e40   Section        4  printf1.o(x$fpl$printf1)
    logahi                                   0x08002e44   Data          32  logf.o(.constdata)
    .constdata                               0x08002e44   Section       64  logf.o(.constdata)
    x$fpl$usenofp                            0x08002e44   Section        0  usenofp.o(x$fpl$usenofp)
    logalo                                   0x08002e64   Data          32  logf.o(.constdata)
    tenpwrs_x                                0x08002e84   Data          60  bigflt0.o(.constdata)
    .constdata                               0x08002e84   Section      148  bigflt0.o(.constdata)
    tenpwrs_i                                0x08002ec0   Data          64  bigflt0.o(.constdata)
    .L.str.2                                 0x08002f48   Data          24  main_1.o(.rodata.str1.1)
    [Anonymous Symbol]                       0x08002f48   Section        0  main_1.o(.rodata.str1.1)
    .L.str.3                                 0x08002f60   Data          20  main_1.o(.rodata.str1.1)
    locale$$data                             0x08002fa4   Section       28  lc_numeric_c.o(locale$$data)
    __lcnum_c_name                           0x08002fa8   Data           2  lc_numeric_c.o(locale$$data)
    __lcnum_c_start                          0x08002fb0   Data           0  lc_numeric_c.o(locale$$data)
    __lcnum_c_point                          0x08002fbc   Data           0  lc_numeric_c.o(locale$$data)
    __lcnum_c_thousands                      0x08002fbe   Data           0  lc_numeric_c.o(locale$$data)
    __lcnum_c_grouping                       0x08002fbf   Data           0  lc_numeric_c.o(locale$$data)
    __lcnum_c_end                            0x08002fc0   Data           0  lc_numeric_c.o(locale$$data)
    .bss                                     0x20000010   Section       96  libspace.o(.bss)
    Heap_Mem                                 0x20000178   Data         512  startup_stm32f407xx.o(HEAP)
    HEAP                                     0x20000178   Section      512  startup_stm32f407xx.o(HEAP)
    Stack_Mem                                0x20000378   Data        1024  startup_stm32f407xx.o(STACK)
    STACK                                    0x20000378   Section     1024  startup_stm32f407xx.o(STACK)
    __initial_sp                             0x20000778   Data           0  startup_stm32f407xx.o(STACK)

    Global Symbols

    Symbol Name                              Value     Ov Type        Size  Object(Section)

    BuildAttributes$$THM_ISAv4$E$P$D$K$B$S$7EM$VFPi3$EXTD16$VFPS$VFMA$PE$A:L22UL41UL21$X:L11$S22US41US21$IEEE1$IW$~IW$USESV6$~STKCKD$USESV7$~SHL$OTIME$ROPI$IEEEX$EBA8$UX$STANDARDLIB$REQ8$PRES8$EABIv2 0x00000000   Number         0  anon$$obj.o ABSOLUTE
    __ARM_exceptions_init                     - Undefined Weak Reference
    __alloca_initialize                       - Undefined Weak Reference
    __arm_preinit_                            - Undefined Weak Reference
    __cpp_initialize__aeabi_                  - Undefined Weak Reference
    __cxa_finalize                            - Undefined Weak Reference
    __sigvec_lookup                           - Undefined Weak Reference
    _atexit_init                              - Undefined Weak Reference
    _call_atexit_fns                          - Undefined Weak Reference
    _clock_init                               - Undefined Weak Reference
    _fp_trap_init                             - Undefined Weak Reference
    _fp_trap_shutdown                         - Undefined Weak Reference
    _get_lc_collate                           - Undefined Weak Reference
    _get_lc_ctype                             - Undefined Weak Reference
    _get_lc_monetary                          - Undefined Weak Reference
    _get_lc_time                              - Undefined Weak Reference
    _getenv_init                              - Undefined Weak Reference
    _handle_redirection                       - Undefined Weak Reference
    _init_alloc                               - Undefined Weak Reference
    _init_user_alloc                          - Undefined Weak Reference
    _initio                                   - Undefined Weak Reference
    _printf_post_padding                      - Undefined Weak Reference
    _printf_pre_padding                       - Undefined Weak Reference
    _printf_truncate_signed                   - Undefined Weak Reference
    _printf_truncate_unsigned                 - Undefined Weak Reference
    _rand_init                                - Undefined Weak Reference
    _signal_finish                            - Undefined Weak Reference
    _signal_init                              - Undefined Weak Reference
    _terminate_alloc                          - Undefined Weak Reference
    _terminate_user_alloc                     - Undefined Weak Reference
    _terminateio                              - Undefined Weak Reference
    __Vectors_Size                           0x00000188   Number         0  startup_stm32f407xx.o ABSOLUTE
    __Vectors                                0x08000000   Data           4  startup_stm32f407xx.o(RESET)
    __Vectors_End                            0x08000188   Data           0  startup_stm32f407xx.o(RESET)
    __main                                   0x08000189   Thumb Code     8  __main.o(!!!main)
    __scatterload                            0x08000191   Thumb Code     0  __scatter.o(!!!scatter)
    __scatterload_rt2                        0x08000191   Thumb Code    44  __scatter.o(!!!scatter)
    __scatterload_rt2_thumb_only             0x08000191   Thumb Code     0  __scatter.o(!!!scatter)
    __scatterload_null                       0x0800019f   Thumb Code     0  __scatter.o(!!!scatter)
    __scatterload_copy                       0x080001c5   Thumb Code    26  __scatter_copy.o(!!handler_copy)
    __scatterload_zeroinit                   0x080001e1   Thumb Code    28  __scatter_zi.o(!!handler_zi)
    _printf_f                                0x080001fd   Thumb Code     0  _printf_f.o(.ARM.Collect$$_printf_percent$$00000003)
    _printf_percent                          0x080001fd   Thumb Code     0  _printf_percent.o(.ARM.Collect$$_printf_percent$$00000000)
    _printf_d                                0x08000203   Thumb Code     0  _printf_d.o(.ARM.Collect$$_printf_percent$$00000009)
    _printf_percent_end                      0x08000209   Thumb Code     0  _printf_percent_end.o(.ARM.Collect$$_printf_percent$$00000017)
    __rt_lib_init                            0x0800020d   Thumb Code     0  libinit.o(.ARM.Collect$$libinit$$00000000)
    __rt_lib_init_fp_1                       0x0800020f   Thumb Code     0  libinit2.o(.ARM.Collect$$libinit$$00000001)
    __rt_lib_init_heap_1                     0x08000213   Thumb Code     0  libinit2.o(.ARM.Collect$$libinit$$0000000A)
    __rt_lib_init_lc_common                  0x08000213   Thumb Code     0  libinit2.o(.ARM.Collect$$libinit$$0000000F)
    __rt_lib_init_preinit_1                  0x08000213   Thumb Code     0  libinit2.o(.ARM.Collect$$libinit$$00000004)
    __rt_lib_init_rand_1                     0x08000213   Thumb Code     0  libinit2.o(.ARM.Collect$$libinit$$0000000E)
    __rt_lib_init_user_alloc_1               0x08000213   Thumb Code     0  libinit2.o(.ARM.Collect$$libinit$$0000000C)
    __rt_lib_init_lc_collate_1               0x08000219   Thumb Code     0  libinit2.o(.ARM.Collect$$libinit$$00000011)
    __rt_lib_init_lc_ctype_1                 0x08000219   Thumb Code     0  libinit2.o(.ARM.Collect$$libinit$$00000013)
    __rt_lib_init_lc_monetary_1              0x08000219   Thumb Code     0  libinit2.o(.ARM.Collect$$libinit$$00000015)
    __rt_lib_init_lc_numeric_2               0x08000219   Thumb Code     0  libinit2.o(.ARM.Collect$$libinit$$00000016)
    __rt_lib_init_alloca_1                   0x08000223   Thumb Code     0  libinit2.o(.ARM.Collect$$libinit$$0000002E)
    __rt_lib_init_argv_1                     0x08000223   Thumb Code     0  libinit2.o(.ARM.Collect$$libinit$$0000002C)
    __rt_lib_init_atexit_1                   0x08000223   Thumb Code     0  libinit2.o(.ARM.Collect$$libinit$$0000001B)
    __rt_lib_init_clock_1                    0x08000223   Thumb Code     0  libinit2.o(.ARM.Collect$$libinit$$00000021)
    __rt_lib_init_cpp_1                      0x08000223   Thumb Code     0  libinit2.o(.ARM.Collect$$libinit$$00000032)
    __rt_lib_init_exceptions_1               0x08000223   Thumb Code     0  libinit2.o(.ARM.Collect$$libinit$$00000030)
    __rt_lib_init_fp_trap_1                  0x08000223   Thumb Code     0  libinit2.o(.ARM.Collect$$libinit$$0000001F)
    __rt_lib_init_getenv_1                   0x08000223   Thumb Code     0  libinit2.o(.ARM.Collect$$libinit$$00000023)
    __rt_lib_init_lc_numeric_1               0x08000223   Thumb Code     0  libinit2.o(.ARM.Collect$$libinit$$00000017)
    __rt_lib_init_lc_time_1                  0x08000223   Thumb Code     0  libinit2.o(.ARM.Collect$$libinit$$00000019)
    __rt_lib_init_return                     0x08000223   Thumb Code     0  libinit2.o(.ARM.Collect$$libinit$$00000033)
    __rt_lib_init_signal_1                   0x08000223   Thumb Code     0  libinit2.o(.ARM.Collect$$libinit$$0000001D)
    __rt_lib_init_stdio_1                    0x08000223   Thumb Code     0  libinit2.o(.ARM.Collect$$libinit$$00000025)
    __rt_lib_shutdown                        0x08000225   Thumb Code     0  libshutdown.o(.ARM.Collect$$libshutdown$$00000000)
    __rt_lib_shutdown_cpp_1                  0x08000227   Thumb Code     0  libshutdown2.o(.ARM.Collect$$libshutdown$$00000002)
    __rt_lib_shutdown_fp_trap_1              0x08000227   Thumb Code     0  libshutdown2.o(.ARM.Collect$$libshutdown$$00000007)
    __rt_lib_shutdown_heap_1                 0x08000227   Thumb Code     0  libshutdown2.o(.ARM.Collect$$libshutdown$$0000000F)
    __rt_lib_shutdown_return                 0x08000227   Thumb Code     0  libshutdown2.o(.ARM.Collect$$libshutdown$$00000010)
    __rt_lib_shutdown_signal_1               0x08000227   Thumb Code     0  libshutdown2.o(.ARM.Collect$$libshutdown$$0000000A)
    __rt_lib_shutdown_stdio_1                0x08000227   Thumb Code     0  libshutdown2.o(.ARM.Collect$$libshutdown$$00000004)
    __rt_lib_shutdown_user_alloc_1           0x08000227   Thumb Code     0  libshutdown2.o(.ARM.Collect$$libshutdown$$0000000C)
    __rt_entry                               0x08000229   Thumb Code     0  __rtentry.o(.ARM.Collect$$rtentry$$00000000)
    __rt_entry_presh_1                       0x08000229   Thumb Code     0  __rtentry2.o(.ARM.Collect$$rtentry$$00000002)
    __rt_entry_sh                            0x08000229   Thumb Code     0  __rtentry4.o(.ARM.Collect$$rtentry$$00000004)
    __rt_entry_li                            0x0800022f   Thumb Code     0  __rtentry2.o(.ARM.Collect$$rtentry$$0000000A)
    __rt_entry_postsh_1                      0x0800022f   Thumb Code     0  __rtentry2.o(.ARM.Collect$$rtentry$$00000009)
    __rt_entry_main                          0x08000233   Thumb Code     0  __rtentry2.o(.ARM.Collect$$rtentry$$0000000D)
    __rt_entry_postli_1                      0x08000233   Thumb Code     0  __rtentry2.o(.ARM.Collect$$rtentry$$0000000C)
    __rt_exit                                0x0800023b   Thumb Code     0  rtexit.o(.ARM.Collect$$rtexit$$00000000)
    __rt_exit_ls                             0x0800023d   Thumb Code     0  rtexit2.o(.ARM.Collect$$rtexit$$00000003)
    __rt_exit_prels_1                        0x0800023d   Thumb Code     0  rtexit2.o(.ARM.Collect$$rtexit$$00000002)
    __rt_exit_exit                           0x08000241   Thumb Code     0  rtexit2.o(.ARM.Collect$$rtexit$$00000004)
    Reset_Handler                            0x08000249   Thumb Code     8  startup_stm32f407xx.o(.text)
    ADC_IRQHandler                           0x08000263   Thumb Code     0  startup_stm32f407xx.o(.text)
    CAN1_RX0_IRQHandler                      0x08000263   Thumb Code     0  startup_stm32f407xx.o(.text)
    CAN1_RX1_IRQHandler                      0x08000263   Thumb Code     0  startup_stm32f407xx.o(.text)
    CAN1_SCE_IRQHandler                      0x08000263   Thumb Code     0  startup_stm32f407xx.o(.text)
    CAN1_TX_IRQHandler                       0x08000263   Thumb Code     0  startup_stm32f407xx.o(.text)
    CAN2_RX0_IRQHandler                      0x08000263   Thumb Code     0  startup_stm32f407xx.o(.text)
    CAN2_RX1_IRQHandler                      0x08000263   Thumb Code     0  startup_stm32f407xx.o(.text)
    CAN2_SCE_IRQHandler                      0x08000263   Thumb Code     0  startup_stm32f407xx.o(.text)
    CAN2_TX_IRQHandler                       0x08000263   Thumb Code     0  startup_stm32f407xx.o(.text)
    DCMI_IRQHandler                          0x08000263   Thumb Code     0  startup_stm32f407xx.o(.text)
    DMA1_Stream0_IRQHandler                  0x08000263   Thumb Code     0  startup_stm32f407xx.o(.text)
    DMA1_Stream1_IRQHandler                  0x08000263   Thumb Code     0  startup_stm32f407xx.o(.text)
    DMA1_Stream2_IRQHandler                  0x08000263   Thumb Code     0  startup_stm32f407xx.o(.text)
    DMA1_Stream3_IRQHandler                  0x08000263   Thumb Code     0  startup_stm32f407xx.o(.text)
    DMA1_Stream4_IRQHandler                  0x08000263   Thumb Code     0  startup_stm32f407xx.o(.text)
    DMA1_Stream5_IRQHandler                  0x08000263   Thumb Code     0  startup_stm32f407xx.o(.text)
    DMA1_Stream6_IRQHandler                  0x08000263   Thumb Code     0  startup_stm32f407xx.o(.text)
    DMA1_Stream7_IRQHandler                  0x08000263   Thumb Code     0  startup_stm32f407xx.o(.text)
    DMA2_Stream0_IRQHandler                  0x08000263   Thumb Code     0  startup_stm32f407xx.o(.text)
    DMA2_Stream1_IRQHandler                  0x08000263   Thumb Code     0  startup_stm32f407xx.o(.text)
    DMA2_Stream2_IRQHandler                  0x08000263   Thumb Code     0  startup_stm32f407xx.o(.text)
    DMA2_Stream3_IRQHandler                  0x08000263   Thumb Code     0  startup_stm32f407xx.o(.text)
    DMA2_Stream4_IRQHandler                  0x08000263   Thumb Code     0  startup_stm32f407xx.o(.text)
    DMA2_Stream5_IRQHandler                  0x08000263   Thumb Code     0  startup_stm32f407xx.o(.text)
    DMA2_Stream6_IRQHandler                  0x08000263   Thumb Code     0  startup_stm32f407xx.o(.text)
    DMA2_Stream7_IRQHandler                  0x08000263   Thumb Code     0  startup_stm32f407xx.o(.text)
    ETH_IRQHandler                           0x08000263   Thumb Code     0  startup_stm32f407xx.o(.text)
    ETH_WKUP_IRQHandler                      0x08000263   Thumb Code     0  startup_stm32f407xx.o(.text)
    EXTI0_IRQHandler                         0x08000263   Thumb Code     0  startup_stm32f407xx.o(.text)
    EXTI15_10_IRQHandler                     0x08000263   Thumb Code     0  startup_stm32f407xx.o(.text)
    EXTI1_IRQHandler                         0x08000263   Thumb Code     0  startup_stm32f407xx.o(.text)
    EXTI2_IRQHandler                         0x08000263   Thumb Code     0  startup_stm32f407xx.o(.text)
    EXTI3_IRQHandler                         0x08000263   Thumb Code     0  startup_stm32f407xx.o(.text)
    EXTI4_IRQHandler                         0x08000263   Thumb Code     0  startup_stm32f407xx.o(.text)
    EXTI9_5_IRQHandler                       0x08000263   Thumb Code     0  startup_stm32f407xx.o(.text)
    FLASH_IRQHandler                         0x08000263   Thumb Code     0  startup_stm32f407xx.o(.text)
    FMC_IRQHandler                           0x08000263   Thumb Code     0  startup_stm32f407xx.o(.text)
    FPU_IRQHandler                           0x08000263   Thumb Code     0  startup_stm32f407xx.o(.text)
    HASH_RNG_IRQHandler                      0x08000263   Thumb Code     0  startup_stm32f407xx.o(.text)
    I2C1_ER_IRQHandler                       0x08000263   Thumb Code     0  startup_stm32f407xx.o(.text)
    I2C1_EV_IRQHandler                       0x08000263   Thumb Code     0  startup_stm32f407xx.o(.text)
    I2C2_ER_IRQHandler                       0x08000263   Thumb Code     0  startup_stm32f407xx.o(.text)
    I2C2_EV_IRQHandler                       0x08000263   Thumb Code     0  startup_stm32f407xx.o(.text)
    I2C3_ER_IRQHandler                       0x08000263   Thumb Code     0  startup_stm32f407xx.o(.text)
    I2C3_EV_IRQHandler                       0x08000263   Thumb Code     0  startup_stm32f407xx.o(.text)
    OTG_FS_IRQHandler                        0x08000263   Thumb Code     0  startup_stm32f407xx.o(.text)
    OTG_FS_WKUP_IRQHandler                   0x08000263   Thumb Code     0  startup_stm32f407xx.o(.text)
    OTG_HS_EP1_IN_IRQHandler                 0x08000263   Thumb Code     0  startup_stm32f407xx.o(.text)
    OTG_HS_EP1_OUT_IRQHandler                0x08000263   Thumb Code     0  startup_stm32f407xx.o(.text)
    OTG_HS_IRQHandler                        0x08000263   Thumb Code     0  startup_stm32f407xx.o(.text)
    OTG_HS_WKUP_IRQHandler                   0x08000263   Thumb Code     0  startup_stm32f407xx.o(.text)
    PVD_IRQHandler                           0x08000263   Thumb Code     0  startup_stm32f407xx.o(.text)
    RCC_IRQHandler                           0x08000263   Thumb Code     0  startup_stm32f407xx.o(.text)
    RTC_Alarm_IRQHandler                     0x08000263   Thumb Code     0  startup_stm32f407xx.o(.text)
    RTC_WKUP_IRQHandler                      0x08000263   Thumb Code     0  startup_stm32f407xx.o(.text)
    SDIO_IRQHandler                          0x08000263   Thumb Code     0  startup_stm32f407xx.o(.text)
    SPI1_IRQHandler                          0x08000263   Thumb Code     0  startup_stm32f407xx.o(.text)
    SPI2_IRQHandler                          0x08000263   Thumb Code     0  startup_stm32f407xx.o(.text)
    SPI3_IRQHandler                          0x08000263   Thumb Code     0  startup_stm32f407xx.o(.text)
    TAMP_STAMP_IRQHandler                    0x08000263   Thumb Code     0  startup_stm32f407xx.o(.text)
    TIM1_BRK_TIM9_IRQHandler                 0x08000263   Thumb Code     0  startup_stm32f407xx.o(.text)
    TIM1_CC_IRQHandler                       0x08000263   Thumb Code     0  startup_stm32f407xx.o(.text)
    TIM1_TRG_COM_TIM11_IRQHandler            0x08000263   Thumb Code     0  startup_stm32f407xx.o(.text)
    TIM1_UP_TIM10_IRQHandler                 0x08000263   Thumb Code     0  startup_stm32f407xx.o(.text)
    TIM2_IRQHandler                          0x08000263   Thumb Code     0  startup_stm32f407xx.o(.text)
    TIM4_IRQHandler                          0x08000263   Thumb Code     0  startup_stm32f407xx.o(.text)
    TIM5_IRQHandler                          0x08000263   Thumb Code     0  startup_stm32f407xx.o(.text)
    TIM6_DAC_IRQHandler                      0x08000263   Thumb Code     0  startup_stm32f407xx.o(.text)
    TIM7_IRQHandler                          0x08000263   Thumb Code     0  startup_stm32f407xx.o(.text)
    TIM8_BRK_TIM12_IRQHandler                0x08000263   Thumb Code     0  startup_stm32f407xx.o(.text)
    TIM8_CC_IRQHandler                       0x08000263   Thumb Code     0  startup_stm32f407xx.o(.text)
    TIM8_TRG_COM_TIM14_IRQHandler            0x08000263   Thumb Code     0  startup_stm32f407xx.o(.text)
    TIM8_UP_TIM13_IRQHandler                 0x08000263   Thumb Code     0  startup_stm32f407xx.o(.text)
    UART4_IRQHandler                         0x08000263   Thumb Code     0  startup_stm32f407xx.o(.text)
    UART5_IRQHandler                         0x08000263   Thumb Code     0  startup_stm32f407xx.o(.text)
    USART1_IRQHandler                        0x08000263   Thumb Code     0  startup_stm32f407xx.o(.text)
    USART2_IRQHandler                        0x08000263   Thumb Code     0  startup_stm32f407xx.o(.text)
    USART3_IRQHandler                        0x08000263   Thumb Code     0  startup_stm32f407xx.o(.text)
    USART6_IRQHandler                        0x08000263   Thumb Code     0  startup_stm32f407xx.o(.text)
    WWDG_IRQHandler                          0x08000263   Thumb Code     0  startup_stm32f407xx.o(.text)
    __user_initial_stackheap                 0x08000265   Thumb Code     0  startup_stm32f407xx.o(.text)
    __aeabi_uldivmod                         0x08000289   Thumb Code     0  lludivv7m.o(.text)
    _ll_udiv                                 0x08000289   Thumb Code   240  lludivv7m.o(.text)
    __2sprintf                               0x08000379   Thumb Code    34  noretval__2sprintf.o(.text)
    __printf                                 0x080003a1   Thumb Code   104  __printf.o(.text)
    _printf_int_dec                          0x08000409   Thumb Code   104  _printf_dec.o(.text)
    strlen                                   0x08000481   Thumb Code    62  strlen.o(.text)
    __aeabi_memclr4                          0x080004bf   Thumb Code     0  rt_memclr_w.o(.text)
    __aeabi_memclr8                          0x080004bf   Thumb Code     0  rt_memclr_w.o(.text)
    __rt_memclr_w                            0x080004bf   Thumb Code    78  rt_memclr_w.o(.text)
    _memset_w                                0x080004c3   Thumb Code     0  rt_memclr_w.o(.text)
    __use_two_region_memory                  0x0800050d   Thumb Code     2  heapauxi.o(.text)
    __rt_heap_escrow$2region                 0x0800050f   Thumb Code     2  heapauxi.o(.text)
    __rt_heap_expand$2region                 0x08000511   Thumb Code     2  heapauxi.o(.text)
    __read_errno                             0x08000513   Thumb Code    10  _rserrno.o(.text)
    __set_errno                              0x0800051d   Thumb Code    12  _rserrno.o(.text)
    _printf_int_common                       0x08000529   Thumb Code   178  _printf_intcommon.o(.text)
    _printf_fp_dec_real                      0x0800078b   Thumb Code   620  _printf_fp_dec.o(.text)
    _printf_char_common                      0x08000a03   Thumb Code    32  _printf_char_common.o(.text)
    _sputc                                   0x08000a29   Thumb Code    10  _sputc.o(.text)
    __rt_locale                              0x08000a35   Thumb Code     8  rt_locale_intlibspace.o(.text)
    __aeabi_errno_addr                       0x08000a3d   Thumb Code     8  rt_errno_addr_intlibspace.o(.text)
    __errno$intlibspace                      0x08000a3d   Thumb Code     0  rt_errno_addr_intlibspace.o(.text)
    __rt_errno_addr$intlibspace              0x08000a3d   Thumb Code     0  rt_errno_addr_intlibspace.o(.text)
    _ll_udiv10                               0x08000a45   Thumb Code   138  lludiv10.o(.text)
    _printf_fp_infnan                        0x08000ad1   Thumb Code   112  _printf_fp_infnan.o(.text)
    _btod_etento                             0x08000b51   Thumb Code   224  bigflt0.o(.text)
    __user_libspace                          0x08000c35   Thumb Code     8  libspace.o(.text)
    __user_perproc_libspace                  0x08000c35   Thumb Code     0  libspace.o(.text)
    __user_perthread_libspace                0x08000c35   Thumb Code     0  libspace.o(.text)
    __user_setup_stackheap                   0x08000c3d   Thumb Code    74  sys_stackheap_outer.o(.text)
    exit                                     0x08000c87   Thumb Code    18  exit.o(.text)
    strcmp                                   0x08000c99   Thumb Code   124  strcmpv7em.o(.text)
    _sys_exit                                0x08000d15   Thumb Code     8  sys_exit.o(.text)
    __I$use$semihosting                      0x08000d21   Thumb Code     0  use_no_semi.o(.text)
    __use_no_semihosting_swi                 0x08000d21   Thumb Code     2  use_no_semi.o(.text)
    __semihosting_library_function           0x08000d23   Thumb Code     0  indicate_semi.o(.text)
    BusFault_Handler                         0x08000d25   Thumb Code     2  stm32f4xx_it_1.o(.text.BusFault_Handler)
    DebugMon_Handler                         0x08000d29   Thumb Code     2  stm32f4xx_it_1.o(.text.DebugMon_Handler)
    Error_Handler                            0x08000d2d   Thumb Code    10  main_1.o(.text.Error_Handler)
    HAL_GPIO_Init                            0x08000d39   Thumb Code   412  stm32f4xx_hal_gpio.o(.text.HAL_GPIO_Init)
    HAL_GPIO_WritePin                        0x08000ed5   Thumb Code    10  stm32f4xx_hal_gpio.o(.text.HAL_GPIO_WritePin)
    HAL_GetTick                              0x08000ee1   Thumb Code    12  stm32f4xx_hal.o(.text.HAL_GetTick)
    HAL_IncTick                              0x08000eed   Thumb Code    26  stm32f4xx_hal.o(.text.HAL_IncTick)
    HAL_Init                                 0x08000f09   Thumb Code    46  stm32f4xx_hal.o(.text.HAL_Init)
    HAL_InitTick                             0x08000f39   Thumb Code    80  stm32f4xx_hal.o(.text.HAL_InitTick)
    HAL_MspInit                              0x08000f89   Thumb Code    56  stm32f4xx_hal_msp_1.o(.text.HAL_MspInit)
    HAL_NVIC_EnableIRQ                       0x08000fc1   Thumb Code     8  stm32f4xx_hal_cortex.o(.text.HAL_NVIC_EnableIRQ)
    HAL_NVIC_SetPriority                     0x08000fc9   Thumb Code    30  stm32f4xx_hal_cortex.o(.text.HAL_NVIC_SetPriority)
    HAL_NVIC_SetPriorityGrouping             0x08000fe9   Thumb Code     8  stm32f4xx_hal_cortex.o(.text.HAL_NVIC_SetPriorityGrouping)
    HAL_PWR_EnterSLEEPMode                   0x08000ff1   Thumb Code    30  stm32f4xx_hal_pwr.o(.text.HAL_PWR_EnterSLEEPMode)
    HAL_RCC_ClockConfig                      0x08001011   Thumb Code   352  stm32f4xx_hal_rcc.o(.text.HAL_RCC_ClockConfig)
    HAL_RCC_GetHCLKFreq                      0x08001171   Thumb Code    12  stm32f4xx_hal_rcc.o(.text.HAL_RCC_GetHCLKFreq)
    HAL_RCC_GetPCLK1Freq                     0x0800117d   Thumb Code    34  stm32f4xx_hal_rcc.o(.text.HAL_RCC_GetPCLK1Freq)
    HAL_RCC_GetPCLK2Freq                     0x080011a1   Thumb Code    34  stm32f4xx_hal_rcc.o(.text.HAL_RCC_GetPCLK2Freq)
    HAL_RCC_GetSysClockFreq                  0x080011c5   Thumb Code   104  stm32f4xx_hal_rcc.o(.text.HAL_RCC_GetSysClockFreq)
    HAL_RCC_OscConfig                        0x0800122d   Thumb Code   820  stm32f4xx_hal_rcc.o(.text.HAL_RCC_OscConfig)
    HAL_ResumeTick                           0x08001561   Thumb Code    18  stm32f4xx_hal.o(.text.HAL_ResumeTick)
    HAL_SYSTICK_Config                       0x08001575   Thumb Code     8  stm32f4xx_hal_cortex.o(.text.HAL_SYSTICK_Config)
    HAL_SuspendTick                          0x0800157d   Thumb Code    18  stm32f4xx_hal.o(.text.HAL_SuspendTick)
    HAL_TIMEx_BreakCallback                  0x08001591   Thumb Code     2  stm32f4xx_hal_tim_ex.o(.text.HAL_TIMEx_BreakCallback)
    HAL_TIMEx_CommutCallback                 0x08001595   Thumb Code     2  stm32f4xx_hal_tim_ex.o(.text.HAL_TIMEx_CommutCallback)
    HAL_TIMEx_MasterConfigSynchronization    0x08001599   Thumb Code   184  stm32f4xx_hal_tim_ex.o(.text.HAL_TIMEx_MasterConfigSynchronization)
    HAL_TIM_Base_Init                        0x08001651   Thumb Code    54  stm32f4xx_hal_tim.o(.text.HAL_TIM_Base_Init)
    HAL_TIM_Base_MspInit                     0x08001689   Thumb Code    72  stm32f4xx_hal_msp_1.o(.text.HAL_TIM_Base_MspInit)
    HAL_TIM_Base_Start_IT                    0x080016d1   Thumb Code    32  stm32f4xx_hal_tim.o(.text.HAL_TIM_Base_Start_IT)
    HAL_TIM_ConfigClockSource                0x080016f1   Thumb Code   208  stm32f4xx_hal_tim.o(.text.HAL_TIM_ConfigClockSource)
    HAL_TIM_IC_CaptureCallback               0x080017c1   Thumb Code     2  stm32f4xx_hal_tim.o(.text.HAL_TIM_IC_CaptureCallback)
    HAL_TIM_IRQHandler                       0x080017c5   Thumb Code   362  stm32f4xx_hal_tim.o(.text.HAL_TIM_IRQHandler)
    HAL_TIM_OC_DelayElapsedCallback          0x08001931   Thumb Code     2  stm32f4xx_hal_tim.o(.text.HAL_TIM_OC_DelayElapsedCallback)
    HAL_TIM_PWM_PulseFinishedCallback        0x08001935   Thumb Code     2  stm32f4xx_hal_tim.o(.text.HAL_TIM_PWM_PulseFinishedCallback)
    HAL_TIM_PeriodElapsedCallback            0x08001939   Thumb Code     2  main_1.o(.text.HAL_TIM_PeriodElapsedCallback)
    HAL_TIM_TriggerCallback                  0x0800193d   Thumb Code     2  stm32f4xx_hal_tim.o(.text.HAL_TIM_TriggerCallback)
    HAL_UART_Init                            0x08001941   Thumb Code    94  stm32f4xx_hal_uart.o(.text.HAL_UART_Init)
    HAL_UART_MspInit                         0x080019a1   Thumb Code   116  stm32f4xx_hal_msp_1.o(.text.HAL_UART_MspInit)
    HAL_UART_Transmit                        0x08001a15   Thumb Code   194  stm32f4xx_hal_uart.o(.text.HAL_UART_Transmit)
    HardFault_Handler                        0x08001ad9   Thumb Code     2  stm32f4xx_it_1.o(.text.HardFault_Handler)
    MemManage_Handler                        0x08001c05   Thumb Code     2  stm32f4xx_it_1.o(.text.MemManage_Handler)
    NMI_Handler                              0x08001c09   Thumb Code     2  stm32f4xx_it_1.o(.text.NMI_Handler)
    PendSV_Handler                           0x08001c39   Thumb Code     2  stm32f4xx_it_1.o(.text.PendSV_Handler)
    SVC_Handler                              0x08001c3d   Thumb Code     2  stm32f4xx_it_1.o(.text.SVC_Handler)
    SysTick_Handler                          0x08001c71   Thumb Code     8  stm32f4xx_it_1.o(.text.SysTick_Handler)
    SystemClock_Config                       0x08001c79   Thumb Code   156  main_1.o(.text.SystemClock_Config)
    SystemInit                               0x08001d15   Thumb Code    26  system_stm32f4xx.o(.text.SystemInit)
    TIM3_IRQHandler                          0x08001d31   Thumb Code    16  stm32f4xx_it_1.o(.text.TIM3_IRQHandler)
    TIM_Base_SetConfig                       0x08001d41   Thumb Code   292  stm32f4xx_hal_tim.o(.text.TIM_Base_SetConfig)
    TIM_ETR_SetConfig                        0x08001e65   Thumb Code    22  stm32f4xx_hal_tim.o(.text.TIM_ETR_SetConfig)
    UsageFault_Handler                       0x080020a5   Thumb Code     2  stm32f4xx_it_1.o(.text.UsageFault_Handler)
    arm_gaussian_naive_bayes_predict_f32     0x0800211d   Thumb Code   248  bayesfunctions.o(.text.arm_gaussian_naive_bayes_predict_f32)
    arm_max_f32                              0x08002215   Thumb Code    66  statisticsfunctions.o(.text.arm_max_f32)
    main                                     0x08002259   Thumb Code   348  main_1.o(.text.main)
    _btod_d2e                                0x080023b5   Thumb Code    62  btod.o(CL$$btod_d2e)
    _d2e_denorm_low                          0x080023f3   Thumb Code    70  btod.o(CL$$btod_d2e_denorm_low)
    _d2e_norm_op1                            0x08002439   Thumb Code    96  btod.o(CL$$btod_d2e_norm_op1)
    __btod_div_common                        0x08002499   Thumb Code   696  btod.o(CL$$btod_div_common)
    _e2e                                     0x080027d1   Thumb Code   220  btod.o(CL$$btod_e2e)
    _btod_ediv                               0x080028ad   Thumb Code    42  btod.o(CL$$btod_ediv)
    _btod_emul                               0x080028d7   Thumb Code    42  btod.o(CL$$btod_emul)
    __btod_mult_common                       0x08002901   Thumb Code   580  btod.o(CL$$btod_mult_common)
    __ARM_fpclassify                         0x08002b45   Thumb Code    48  fpclassify.o(i.__ARM_fpclassify)
    __hardfp_logf                            0x08002b75   Thumb Code   320  logf.o(i.__hardfp_logf)
    __mathlib_logf                           0x08002b75   Thumb Code     0  logf.o(i.__hardfp_logf)
    __mathlib_flt_divzero                    0x08002ce1   Thumb Code    14  funder.o(i.__mathlib_flt_divzero)
    __mathlib_flt_infnan                     0x08002cf5   Thumb Code     6  funder.o(i.__mathlib_flt_infnan)
    __mathlib_flt_invalid                    0x08002cfd   Thumb Code    10  funder.o(i.__mathlib_flt_invalid)
    _get_lc_numeric                          0x08002d0d   Thumb Code    44  lc_numeric_c.o(locale$$code)
    __fpl_dretinf                            0x08002d39   Thumb Code    12  dretinf.o(x$fpl$dretinf)
    __aeabi_f2d                              0x08002d45   Thumb Code     0  f2d.o(x$fpl$f2d)
    _f2d                                     0x08002d45   Thumb Code    86  f2d.o(x$fpl$f2d)
    __fpl_fnaninf                            0x08002d9b   Thumb Code   140  fnaninf.o(x$fpl$fnaninf)
    _fp_init                                 0x08002e27   Thumb Code    26  fpinit.o(x$fpl$fpinit)
    __fplib_config_fpu_vfp                   0x08002e3f   Thumb Code     0  fpinit.o(x$fpl$fpinit)
    __fplib_config_pureend_doubles           0x08002e3f   Thumb Code     0  fpinit.o(x$fpl$fpinit)
    _printf_fp_dec                           0x08002e41   Thumb Code     4  printf1.o(x$fpl$printf1)
    __I$use$fp                               0x08002e44   Number         0  usenofp.o(x$fpl$usenofp)
    AHBPrescTable                            0x08002f18   Data          16  system_stm32f4xx.o(.rodata.AHBPrescTable)
    APBPrescTable                            0x08002f28   Data           8  system_stm32f4xx.o(.rodata.APBPrescTable)
    classPriors                              0x08002f30   Data           8  main_1.o(.rodata.classPriors)
    sigma                                    0x08002f38   Data          16  main_1.o(.rodata.sigma)
    theta                                    0x08002f74   Data          16  main_1.o(.rodata.theta)
    Region$$Table$$Base                      0x08002f84   Number         0  anon$$obj.o(Region$$Table)
    Region$$Table$$Limit                     0x08002fa4   Number         0  anon$$obj.o(Region$$Table)
    SystemCoreClock                          0x20000000   Data           4  system_stm32f4xx.o(.data.SystemCoreClock)
    uwTickFreq                               0x20000004   Data           1  stm32f4xx_hal.o(.data.uwTickFreq)
    uwTickPrio                               0x20000008   Data           4  stm32f4xx_hal.o(.data.uwTickPrio)
    __libspace_start                         0x20000010   Data          96  libspace.o(.bss)
    NB_pred                                  0x20000070   Data          24  main_1.o(.bss.NB_pred)
    __temporary_stack_top$libspace           0x20000070   Data           0  libspace.o(.bss)
    htim3                                    0x20000088   Data          64  main_1.o(.bss.htim3)
    huart3                                   0x200000c8   Data          64  main_1.o(.bss.huart3)
    str                                      0x20000108   Data           4  main_1.o(.bss.str)
    str2                                     0x2000010c   Data         100  main_1.o(.bss.str2)
    uwTick                                   0x20000170   Data           4  stm32f4xx_hal.o(.bss.uwTick)



==============================================================================

Memory Map of the image

  Image Entry point : 0x08000189

  Load Region LR_IROM1 (Base: 0x08000000, Size: 0x00002fd0, Max: 0x00100000, ABSOLUTE)

    Execution Region ER_IROM1 (Exec base: 0x08000000, Load base: 0x08000000, Size: 0x00002fc0, Max: 0x00100000, ABSOLUTE)

    Exec Addr    Load Addr    Size         Type   Attr      Idx    E Section Name        Object

    0x08000000   0x08000000   0x00000188   Data   RO         1923    RESET               startup_stm32f407xx.o
    0x08000188   0x08000188   0x00000008   Code   RO         2108  * !!!main             c_w.l(__main.o)
    0x08000190   0x08000190   0x00000034   Code   RO         2472    !!!scatter          c_w.l(__scatter.o)
    0x080001c4   0x080001c4   0x0000001a   Code   RO         2474    !!handler_copy      c_w.l(__scatter_copy.o)
    0x080001de   0x080001de   0x00000002   PAD
    0x080001e0   0x080001e0   0x0000001c   Code   RO         2476    !!handler_zi        c_w.l(__scatter_zi.o)
    0x080001fc   0x080001fc   0x00000000   Code   RO         2095    .ARM.Collect$$_printf_percent$$00000000  c_w.l(_printf_percent.o)
    0x080001fc   0x080001fc   0x00000006   Code   RO         2094    .ARM.Collect$$_printf_percent$$00000003  c_w.l(_printf_f.o)
    0x08000202   0x08000202   0x00000006   Code   RO         2093    .ARM.Collect$$_printf_percent$$00000009  c_w.l(_printf_d.o)
    0x08000208   0x08000208   0x00000004   Code   RO         2197    .ARM.Collect$$_printf_percent$$00000017  c_w.l(_printf_percent_end.o)
    0x0800020c   0x0800020c   0x00000002   Code   RO         2337    .ARM.Collect$$libinit$$00000000  c_w.l(libinit.o)
    0x0800020e   0x0800020e   0x00000004   Code   RO         2338    .ARM.Collect$$libinit$$00000001  c_w.l(libinit2.o)
    0x08000212   0x08000212   0x00000000   Code   RO         2341    .ARM.Collect$$libinit$$00000004  c_w.l(libinit2.o)
    0x08000212   0x08000212   0x00000000   Code   RO         2344    .ARM.Collect$$libinit$$0000000A  c_w.l(libinit2.o)
    0x08000212   0x08000212   0x00000000   Code   RO         2346    .ARM.Collect$$libinit$$0000000C  c_w.l(libinit2.o)
    0x08000212   0x08000212   0x00000000   Code   RO         2348    .ARM.Collect$$libinit$$0000000E  c_w.l(libinit2.o)
    0x08000212   0x08000212   0x00000006   Code   RO         2349    .ARM.Collect$$libinit$$0000000F  c_w.l(libinit2.o)
    0x08000218   0x08000218   0x00000000   Code   RO         2351    .ARM.Collect$$libinit$$00000011  c_w.l(libinit2.o)
    0x08000218   0x08000218   0x00000000   Code   RO         2353    .ARM.Collect$$libinit$$00000013  c_w.l(libinit2.o)
    0x08000218   0x08000218   0x00000000   Code   RO         2355    .ARM.Collect$$libinit$$00000015  c_w.l(libinit2.o)
    0x08000218   0x08000218   0x0000000a   Code   RO         2356    .ARM.Collect$$libinit$$00000016  c_w.l(libinit2.o)
    0x08000222   0x08000222   0x00000000   Code   RO         2357    .ARM.Collect$$libinit$$00000017  c_w.l(libinit2.o)
    0x08000222   0x08000222   0x00000000   Code   RO         2359    .ARM.Collect$$libinit$$00000019  c_w.l(libinit2.o)
    0x08000222   0x08000222   0x00000000   Code   RO         2361    .ARM.Collect$$libinit$$0000001B  c_w.l(libinit2.o)
    0x08000222   0x08000222   0x00000000   Code   RO         2363    .ARM.Collect$$libinit$$0000001D  c_w.l(libinit2.o)
    0x08000222   0x08000222   0x00000000   Code   RO         2365    .ARM.Collect$$libinit$$0000001F  c_w.l(libinit2.o)
    0x08000222   0x08000222   0x00000000   Code   RO         2367    .ARM.Collect$$libinit$$00000021  c_w.l(libinit2.o)
    0x08000222   0x08000222   0x00000000   Code   RO         2369    .ARM.Collect$$libinit$$00000023  c_w.l(libinit2.o)
    0x08000222   0x08000222   0x00000000   Code   RO         2371    .ARM.Collect$$libinit$$00000025  c_w.l(libinit2.o)
    0x08000222   0x08000222   0x00000000   Code   RO         2375    .ARM.Collect$$libinit$$0000002C  c_w.l(libinit2.o)
    0x08000222   0x08000222   0x00000000   Code   RO         2377    .ARM.Collect$$libinit$$0000002E  c_w.l(libinit2.o)
    0x08000222   0x08000222   0x00000000   Code   RO         2379    .ARM.Collect$$libinit$$00000030  c_w.l(libinit2.o)
    0x08000222   0x08000222   0x00000000   Code   RO         2381    .ARM.Collect$$libinit$$00000032  c_w.l(libinit2.o)
    0x08000222   0x08000222   0x00000002   Code   RO         2382    .ARM.Collect$$libinit$$00000033  c_w.l(libinit2.o)
    0x08000224   0x08000224   0x00000002   Code   RO         2437    .ARM.Collect$$libshutdown$$00000000  c_w.l(libshutdown.o)
    0x08000226   0x08000226   0x00000000   Code   RO         2455    .ARM.Collect$$libshutdown$$00000002  c_w.l(libshutdown2.o)
    0x08000226   0x08000226   0x00000000   Code   RO         2457    .ARM.Collect$$libshutdown$$00000004  c_w.l(libshutdown2.o)
    0x08000226   0x08000226   0x00000000   Code   RO         2460    .ARM.Collect$$libshutdown$$00000007  c_w.l(libshutdown2.o)
    0x08000226   0x08000226   0x00000000   Code   RO         2463    .ARM.Collect$$libshutdown$$0000000A  c_w.l(libshutdown2.o)
    0x08000226   0x08000226   0x00000000   Code   RO         2465    .ARM.Collect$$libshutdown$$0000000C  c_w.l(libshutdown2.o)
    0x08000226   0x08000226   0x00000000   Code   RO         2468    .ARM.Collect$$libshutdown$$0000000F  c_w.l(libshutdown2.o)
    0x08000226   0x08000226   0x00000002   Code   RO         2469    .ARM.Collect$$libshutdown$$00000010  c_w.l(libshutdown2.o)
    0x08000228   0x08000228   0x00000000   Code   RO         2180    .ARM.Collect$$rtentry$$00000000  c_w.l(__rtentry.o)
    0x08000228   0x08000228   0x00000000   Code   RO         2251    .ARM.Collect$$rtentry$$00000002  c_w.l(__rtentry2.o)
    0x08000228   0x08000228   0x00000006   Code   RO         2263    .ARM.Collect$$rtentry$$00000004  c_w.l(__rtentry4.o)
    0x0800022e   0x0800022e   0x00000000   Code   RO         2253    .ARM.Collect$$rtentry$$00000009  c_w.l(__rtentry2.o)
    0x0800022e   0x0800022e   0x00000004   Code   RO         2254    .ARM.Collect$$rtentry$$0000000A  c_w.l(__rtentry2.o)
    0x08000232   0x08000232   0x00000000   Code   RO         2256    .ARM.Collect$$rtentry$$0000000C  c_w.l(__rtentry2.o)
    0x08000232   0x08000232   0x00000008   Code   RO         2257    .ARM.Collect$$rtentry$$0000000D  c_w.l(__rtentry2.o)
    0x0800023a   0x0800023a   0x00000002   Code   RO         2383    .ARM.Collect$$rtexit$$00000000  c_w.l(rtexit.o)
    0x0800023c   0x0800023c   0x00000000   Code   RO         2402    .ARM.Collect$$rtexit$$00000002  c_w.l(rtexit2.o)
    0x0800023c   0x0800023c   0x00000004   Code   RO         2403    .ARM.Collect$$rtexit$$00000003  c_w.l(rtexit2.o)
    0x08000240   0x08000240   0x00000006   Code   RO         2404    .ARM.Collect$$rtexit$$00000004  c_w.l(rtexit2.o)
    0x08000246   0x08000246   0x00000002   PAD
    0x08000248   0x08000248   0x00000040   Code   RO         1924    .text               startup_stm32f407xx.o
    0x08000288   0x08000288   0x000000f0   Code   RO         2061    .text               c_w.l(lludivv7m.o)
    0x08000378   0x08000378   0x00000028   Code   RO         2067    .text               c_w.l(noretval__2sprintf.o)
    0x080003a0   0x080003a0   0x00000068   Code   RO         2069    .text               c_w.l(__printf.o)
    0x08000408   0x08000408   0x00000078   Code   RO         2071    .text               c_w.l(_printf_dec.o)
    0x08000480   0x08000480   0x0000003e   Code   RO         2096    .text               c_w.l(strlen.o)
    0x080004be   0x080004be   0x0000004e   Code   RO         2104    .text               c_w.l(rt_memclr_w.o)
    0x0800050c   0x0800050c   0x00000006   Code   RO         2106    .text               c_w.l(heapauxi.o)
    0x08000512   0x08000512   0x00000016   Code   RO         2185    .text               c_w.l(_rserrno.o)
    0x08000528   0x08000528   0x000000b2   Code   RO         2187    .text               c_w.l(_printf_intcommon.o)
    0x080005da   0x080005da   0x0000041c   Code   RO         2189    .text               c_w.l(_printf_fp_dec.o)
    0x080009f6   0x080009f6   0x00000002   PAD
    0x080009f8   0x080009f8   0x00000030   Code   RO         2193    .text               c_w.l(_printf_char_common.o)
    0x08000a28   0x08000a28   0x0000000a   Code   RO         2195    .text               c_w.l(_sputc.o)
    0x08000a32   0x08000a32   0x00000002   PAD
    0x08000a34   0x08000a34   0x00000008   Code   RO         2270    .text               c_w.l(rt_locale_intlibspace.o)
    0x08000a3c   0x08000a3c   0x00000008   Code   RO         2275    .text               c_w.l(rt_errno_addr_intlibspace.o)
    0x08000a44   0x08000a44   0x0000008a   Code   RO         2277    .text               c_w.l(lludiv10.o)
    0x08000ace   0x08000ace   0x00000002   PAD
    0x08000ad0   0x08000ad0   0x00000080   Code   RO         2279    .text               c_w.l(_printf_fp_infnan.o)
    0x08000b50   0x08000b50   0x000000e4   Code   RO         2283    .text               c_w.l(bigflt0.o)
    0x08000c34   0x08000c34   0x00000008   Code   RO         2317    .text               c_w.l(libspace.o)
    0x08000c3c   0x08000c3c   0x0000004a   Code   RO         2320    .text               c_w.l(sys_stackheap_outer.o)
    0x08000c86   0x08000c86   0x00000012   Code   RO         2324    .text               c_w.l(exit.o)
    0x08000c98   0x08000c98   0x0000007c   Code   RO         2330    .text               c_w.l(strcmpv7em.o)
    0x08000d14   0x08000d14   0x0000000c   Code   RO         2397    .text               c_w.l(sys_exit.o)
    0x08000d20   0x08000d20   0x00000002   Code   RO         2424    .text               c_w.l(use_no_semi.o)
    0x08000d22   0x08000d22   0x00000000   Code   RO         2426    .text               c_w.l(indicate_semi.o)
    0x08000d22   0x08000d22   0x00000002   PAD
    0x08000d24   0x08000d24   0x00000002   Code   RO           41    .text.BusFault_Handler  stm32f4xx_it_1.o
    0x08000d26   0x08000d26   0x00000002   PAD
    0x08000d28   0x08000d28   0x00000002   Code   RO           47    .text.DebugMon_Handler  stm32f4xx_it_1.o
    0x08000d2a   0x08000d2a   0x00000002   PAD
    0x08000d2c   0x08000d2c   0x0000000a   Code   RO           14    .text.Error_Handler  main_1.o
    0x08000d36   0x08000d36   0x00000002   PAD
    0x08000d38   0x08000d38   0x0000019c   Code   RO         1340    .text.HAL_GPIO_Init  stm32f4xx_hal_gpio.o
    0x08000ed4   0x08000ed4   0x0000000a   Code   RO         1346    .text.HAL_GPIO_WritePin  stm32f4xx_hal_gpio.o
    0x08000ede   0x08000ede   0x00000002   PAD
    0x08000ee0   0x08000ee0   0x0000000c   Code   RO         1161    .text.HAL_GetTick   stm32f4xx_hal.o
    0x08000eec   0x08000eec   0x0000001a   Code   RO         1159    .text.HAL_IncTick   stm32f4xx_hal.o
    0x08000f06   0x08000f06   0x00000002   PAD
    0x08000f08   0x08000f08   0x0000002e   Code   RO         1149    .text.HAL_Init      stm32f4xx_hal.o
    0x08000f36   0x08000f36   0x00000002   PAD
    0x08000f38   0x08000f38   0x00000050   Code   RO         1151    .text.HAL_InitTick  stm32f4xx_hal.o
    0x08000f88   0x08000f88   0x00000038   Code   RO         2042    .text.HAL_MspInit   stm32f4xx_hal_msp_1.o
    0x08000fc0   0x08000fc0   0x00000008   Code   RO         1226    .text.HAL_NVIC_EnableIRQ  stm32f4xx_hal_cortex.o
    0x08000fc8   0x08000fc8   0x0000001e   Code   RO         1218    .text.HAL_NVIC_SetPriority  stm32f4xx_hal_cortex.o
    0x08000fe6   0x08000fe6   0x00000002   PAD
    0x08000fe8   0x08000fe8   0x00000008   Code   RO         1214    .text.HAL_NVIC_SetPriorityGrouping  stm32f4xx_hal_cortex.o
    0x08000ff0   0x08000ff0   0x0000001e   Code   RO         1380    .text.HAL_PWR_EnterSLEEPMode  stm32f4xx_hal_pwr.o
    0x0800100e   0x0800100e   0x00000002   PAD
    0x08001010   0x08001010   0x00000160   Code   RO         1430    .text.HAL_RCC_ClockConfig  stm32f4xx_hal_rcc.o
    0x08001170   0x08001170   0x0000000c   Code   RO         1440    .text.HAL_RCC_GetHCLKFreq  stm32f4xx_hal_rcc.o
    0x0800117c   0x0800117c   0x00000022   Code   RO         1442    .text.HAL_RCC_GetPCLK1Freq  stm32f4xx_hal_rcc.o
    0x0800119e   0x0800119e   0x00000002   PAD
    0x080011a0   0x080011a0   0x00000022   Code   RO         1444    .text.HAL_RCC_GetPCLK2Freq  stm32f4xx_hal_rcc.o
    0x080011c2   0x080011c2   0x00000002   PAD
    0x080011c4   0x080011c4   0x00000068   Code   RO         1432    .text.HAL_RCC_GetSysClockFreq  stm32f4xx_hal_rcc.o
    0x0800122c   0x0800122c   0x00000334   Code   RO         1428    .text.HAL_RCC_OscConfig  stm32f4xx_hal_rcc.o
    0x08001560   0x08001560   0x00000012   Code   RO         1173    .text.HAL_ResumeTick  stm32f4xx_hal.o
    0x08001572   0x08001572   0x00000002   PAD
    0x08001574   0x08001574   0x00000008   Code   RO         1238    .text.HAL_SYSTICK_Config  stm32f4xx_hal_cortex.o
    0x0800157c   0x0800157c   0x00000012   Code   RO         1171    .text.HAL_SuspendTick  stm32f4xx_hal.o
    0x0800158e   0x0800158e   0x00000002   PAD
    0x08001590   0x08001590   0x00000002   Code   RO         1792    .text.HAL_TIMEx_BreakCallback  stm32f4xx_hal_tim_ex.o
    0x08001592   0x08001592   0x00000002   PAD
    0x08001594   0x08001594   0x00000002   Code   RO         1788    .text.HAL_TIMEx_CommutCallback  stm32f4xx_hal_tim_ex.o
    0x08001596   0x08001596   0x00000002   PAD
    0x08001598   0x08001598   0x000000b8   Code   RO         1782    .text.HAL_TIMEx_MasterConfigSynchronization  stm32f4xx_hal_tim_ex.o
    0x08001650   0x08001650   0x00000036   Code   RO         1482    .text.HAL_TIM_Base_Init  stm32f4xx_hal_tim.o
    0x08001686   0x08001686   0x00000002   PAD
    0x08001688   0x08001688   0x00000048   Code   RO         2044    .text.HAL_TIM_Base_MspInit  stm32f4xx_hal_msp_1.o
    0x080016d0   0x080016d0   0x00000020   Code   RO         1496    .text.HAL_TIM_Base_Start_IT  stm32f4xx_hal_tim.o
    0x080016f0   0x080016f0   0x000000d0   Code   RO         1670    .text.HAL_TIM_ConfigClockSource  stm32f4xx_hal_tim.o
    0x080017c0   0x080017c0   0x00000002   Code   RO         1618    .text.HAL_TIM_IC_CaptureCallback  stm32f4xx_hal_tim.o
    0x080017c2   0x080017c2   0x00000002   PAD
    0x080017c4   0x080017c4   0x0000016a   Code   RO         1616    .text.HAL_TIM_IRQHandler  stm32f4xx_hal_tim.o
    0x0800192e   0x0800192e   0x00000002   PAD
    0x08001930   0x08001930   0x00000002   Code   RO         1620    .text.HAL_TIM_OC_DelayElapsedCallback  stm32f4xx_hal_tim.o
    0x08001932   0x08001932   0x00000002   PAD
    0x08001934   0x08001934   0x00000002   Code   RO         1622    .text.HAL_TIM_PWM_PulseFinishedCallback  stm32f4xx_hal_tim.o
    0x08001936   0x08001936   0x00000002   PAD
    0x08001938   0x08001938   0x00000002   Code   RO           12    .text.HAL_TIM_PeriodElapsedCallback  main_1.o
    0x0800193a   0x0800193a   0x00000002   PAD
    0x0800193c   0x0800193c   0x00000002   Code   RO         1626    .text.HAL_TIM_TriggerCallback  stm32f4xx_hal_tim.o
    0x0800193e   0x0800193e   0x00000002   PAD
    0x08001940   0x08001940   0x0000005e   Code   RO         1804    .text.HAL_UART_Init  stm32f4xx_hal_uart.o
    0x0800199e   0x0800199e   0x00000002   PAD
    0x080019a0   0x080019a0   0x00000074   Code   RO         2048    .text.HAL_UART_MspInit  stm32f4xx_hal_msp_1.o
    0x08001a14   0x08001a14   0x000000c2   Code   RO         1820    .text.HAL_UART_Transmit  stm32f4xx_hal_uart.o
    0x08001ad6   0x08001ad6   0x00000002   PAD
    0x08001ad8   0x08001ad8   0x00000002   Code   RO           37    .text.HardFault_Handler  stm32f4xx_it_1.o
    0x08001ada   0x08001ada   0x00000002   PAD
    0x08001adc   0x08001adc   0x0000005a   Code   RO            6    .text.MX_GPIO_Init  main_1.o
    0x08001b36   0x08001b36   0x00000002   PAD
    0x08001b38   0x08001b38   0x00000072   Code   RO            8    .text.MX_TIM3_Init  main_1.o
    0x08001baa   0x08001baa   0x00000002   PAD
    0x08001bac   0x08001bac   0x00000058   Code   RO           10    .text.MX_USART3_UART_Init  main_1.o
    0x08001c04   0x08001c04   0x00000002   Code   RO           39    .text.MemManage_Handler  stm32f4xx_it_1.o
    0x08001c06   0x08001c06   0x00000002   PAD
    0x08001c08   0x08001c08   0x00000002   Code   RO           35    .text.NMI_Handler   stm32f4xx_it_1.o
    0x08001c0a   0x08001c0a   0x00000002   PAD
    0x08001c0c   0x08001c0c   0x0000002c   Code   RO         1224    .text.NVIC_EncodePriority  stm32f4xx_hal_cortex.o
    0x08001c38   0x08001c38   0x00000002   Code   RO           49    .text.PendSV_Handler  stm32f4xx_it_1.o
    0x08001c3a   0x08001c3a   0x00000002   PAD
    0x08001c3c   0x08001c3c   0x00000002   Code   RO           45    .text.SVC_Handler   stm32f4xx_it_1.o
    0x08001c3e   0x08001c3e   0x00000002   PAD
    0x08001c40   0x08001c40   0x0000002e   Code   RO         1240    .text.SysTick_Config  stm32f4xx_hal_cortex.o
    0x08001c6e   0x08001c6e   0x00000002   PAD
    0x08001c70   0x08001c70   0x00000008   Code   RO           51    .text.SysTick_Handler  stm32f4xx_it_1.o
    0x08001c78   0x08001c78   0x0000009c   Code   RO            4    .text.SystemClock_Config  main_1.o
    0x08001d14   0x08001d14   0x0000001a   Code   RO         1931    .text.SystemInit    system_stm32f4xx.o
    0x08001d2e   0x08001d2e   0x00000002   PAD
    0x08001d30   0x08001d30   0x00000010   Code   RO           53    .text.TIM3_IRQHandler  stm32f4xx_it_1.o
    0x08001d40   0x08001d40   0x00000124   Code   RO         1486    .text.TIM_Base_SetConfig  stm32f4xx_hal_tim.o
    0x08001e64   0x08001e64   0x00000016   Code   RO         1668    .text.TIM_ETR_SetConfig  stm32f4xx_hal_tim.o
    0x08001e7a   0x08001e7a   0x00000002   PAD
    0x08001e7c   0x08001e7c   0x00000010   Code   RO         1674    .text.TIM_ITRx_SetConfig  stm32f4xx_hal_tim.o
    0x08001e8c   0x08001e8c   0x00000022   Code   RO         1672    .text.TIM_TI1_ConfigInputStage  stm32f4xx_hal_tim.o
    0x08001eae   0x08001eae   0x00000002   PAD
    0x08001eb0   0x08001eb0   0x00000024   Code   RO         1676    .text.TIM_TI2_ConfigInputStage  stm32f4xx_hal_tim.o
    0x08001ed4   0x08001ed4   0x0000016c   Code   RO         1808    .text.UART_SetConfig  stm32f4xx_hal_uart.o
    0x08002040   0x08002040   0x00000064   Code   RO         1822    .text.UART_WaitOnFlagUntilTimeout  stm32f4xx_hal_uart.o
    0x080020a4   0x080020a4   0x00000002   Code   RO           43    .text.UsageFault_Handler  stm32f4xx_it_1.o
    0x080020a6   0x080020a6   0x00000002   PAD
    0x080020a8   0x080020a8   0x00000020   Code   RO         1228    .text.__NVIC_EnableIRQ  stm32f4xx_hal_cortex.o
    0x080020c8   0x080020c8   0x00000010   Code   RO         1220    .text.__NVIC_GetPriorityGrouping  stm32f4xx_hal_cortex.o
    0x080020d8   0x080020d8   0x00000022   Code   RO         1222    .text.__NVIC_SetPriority  stm32f4xx_hal_cortex.o
    0x080020fa   0x080020fa   0x00000002   PAD
    0x080020fc   0x080020fc   0x00000020   Code   RO         1216    .text.__NVIC_SetPriorityGrouping  stm32f4xx_hal_cortex.o
    0x0800211c   0x0800211c   0x000000f8   Code   RO          164    .text.arm_gaussian_naive_bayes_predict_f32  bayesfunctions.o
    0x08002214   0x08002214   0x00000042   Code   RO          815    .text.arm_max_f32   statisticsfunctions.o
    0x08002256   0x08002256   0x00000002   PAD
    0x08002258   0x08002258   0x0000015c   Code   RO            2    .text.main          main_1.o
    0x080023b4   0x080023b4   0x0000003e   Code   RO         2286    CL$$btod_d2e        c_w.l(btod.o)
    0x080023f2   0x080023f2   0x00000046   Code   RO         2288    CL$$btod_d2e_denorm_low  c_w.l(btod.o)
    0x08002438   0x08002438   0x00000060   Code   RO         2287    CL$$btod_d2e_norm_op1  c_w.l(btod.o)
    0x08002498   0x08002498   0x00000338   Code   RO         2296    CL$$btod_div_common  c_w.l(btod.o)
    0x080027d0   0x080027d0   0x000000dc   Code   RO         2293    CL$$btod_e2e        c_w.l(btod.o)
    0x080028ac   0x080028ac   0x0000002a   Code   RO         2290    CL$$btod_ediv       c_w.l(btod.o)
    0x080028d6   0x080028d6   0x0000002a   Code   RO         2289    CL$$btod_emul       c_w.l(btod.o)
    0x08002900   0x08002900   0x00000244   Code   RO         2295    CL$$btod_mult_common  c_w.l(btod.o)
    0x08002b44   0x08002b44   0x00000030   Code   RO         2315    i.__ARM_fpclassify  m_wm.l(fpclassify.o)
    0x08002b74   0x08002b74   0x0000016c   Code   RO         2154    i.__hardfp_logf     m_wm.l(logf.o)
    0x08002ce0   0x08002ce0   0x00000014   Code   RO         2233    i.__mathlib_flt_divzero  m_wm.l(funder.o)
    0x08002cf4   0x08002cf4   0x00000006   Code   RO         2234    i.__mathlib_flt_infnan  m_wm.l(funder.o)
    0x08002cfa   0x08002cfa   0x00000002   PAD
    0x08002cfc   0x08002cfc   0x00000010   Code   RO         2236    i.__mathlib_flt_invalid  m_wm.l(funder.o)
    0x08002d0c   0x08002d0c   0x0000002c   Code   RO         2311    locale$$code        c_w.l(lc_numeric_c.o)
    0x08002d38   0x08002d38   0x0000000c   Code   RO         2208    x$fpl$dretinf       fz_wm.l(dretinf.o)
    0x08002d44   0x08002d44   0x00000056   Code   RO         2132    x$fpl$f2d           fz_wm.l(f2d.o)
    0x08002d9a   0x08002d9a   0x0000008c   Code   RO         2210    x$fpl$fnaninf       fz_wm.l(fnaninf.o)
    0x08002e26   0x08002e26   0x0000001a   Code   RO         2395    x$fpl$fpinit        fz_wm.l(fpinit.o)
    0x08002e40   0x08002e40   0x00000004   Code   RO         2138    x$fpl$printf1       fz_wm.l(printf1.o)
    0x08002e44   0x08002e44   0x00000000   Code   RO         2216    x$fpl$usenofp       fz_wm.l(usenofp.o)
    0x08002e44   0x08002e44   0x00000040   Data   RO         2157    .constdata          m_wm.l(logf.o)
    0x08002e84   0x08002e84   0x00000094   Data   RO         2284    .constdata          c_w.l(bigflt0.o)
    0x08002f18   0x08002f18   0x00000010   Data   RO         1936    .rodata.AHBPrescTable  system_stm32f4xx.o
    0x08002f28   0x08002f28   0x00000008   Data   RO         1937    .rodata.APBPrescTable  system_stm32f4xx.o
    0x08002f30   0x08002f30   0x00000008   Data   RO           18    .rodata.classPriors  main_1.o
    0x08002f38   0x08002f38   0x00000010   Data   RO           17    .rodata.sigma       main_1.o
    0x08002f48   0x08002f48   0x0000002c   Data   RO           24    .rodata.str1.1      main_1.o
    0x08002f74   0x08002f74   0x00000010   Data   RO           16    .rodata.theta       main_1.o
    0x08002f84   0x08002f84   0x00000020   Data   RO         2471    Region$$Table       anon$$obj.o
    0x08002fa4   0x08002fa4   0x0000001c   Data   RO         2310    locale$$data        c_w.l(lc_numeric_c.o)


    Execution Region RW_IRAM1 (Exec base: 0x20000000, Load base: 0x08002fc0, Size: 0x00000778, Max: 0x00020000, ABSOLUTE)

    Exec Addr    Load Addr    Size         Type   Attr      Idx    E Section Name        Object

    0x20000000   0x08002fc0   0x00000004   Data   RW         1935    .data.SystemCoreClock  system_stm32f4xx.o
    0x20000004   0x08002fc4   0x00000001   Data   RW         1204    .data.uwTickFreq    stm32f4xx_hal.o
    0x20000005   0x08002fc5   0x00000003   PAD
    0x20000008   0x08002fc8   0x00000004   Data   RW         1203    .data.uwTickPrio    stm32f4xx_hal.o
    0x2000000c   0x08002fcc   0x00000004   PAD
    0x20000010        -       0x00000060   Zero   RW         2318    .bss                c_w.l(libspace.o)
    0x20000070        -       0x00000018   Zero   RW           21    .bss.NB_pred        main_1.o
    0x20000088        -       0x00000040   Zero   RW           20    .bss.htim3          main_1.o
    0x200000c8        -       0x00000040   Zero   RW           23    .bss.huart3         main_1.o
    0x20000108        -       0x00000004   Zero   RW           25    .bss.str            main_1.o
    0x2000010c        -       0x00000064   Zero   RW           22    .bss.str2           main_1.o
    0x20000170        -       0x00000004   Zero   RW         1205    .bss.uwTick         stm32f4xx_hal.o
    0x20000174   0x08002fcc   0x00000004   PAD
    0x20000178        -       0x00000200   Zero   RW         1922    HEAP                startup_stm32f407xx.o
    0x20000378        -       0x00000400   Zero   RW         1921    STACK               startup_stm32f407xx.o


==============================================================================

Image component sizes


      Code (inc. data)   RO Data    RW Data    ZI Data      Debug   Object Name

       248          8          0          0          0       2150   bayesfunctions.o
       808         64         84          0        256       8403   main_1.o
        64         26        392          0       1536        856   startup_stm32f407xx.o
        66          0          0          0          0      17764   statisticsfunctions.o
       200          0          0          5          4       7575   stm32f4xx_hal.o
       258          0          0          0          0      10957   stm32f4xx_hal_cortex.o
       422          0          0          0          0       5332   stm32f4xx_hal_gpio.o
       244          0          0          0          0       8321   stm32f4xx_hal_msp_1.o
        30          0          0          0          0       4761   stm32f4xx_hal_pwr.o
      1356          0          0          0          0       7471   stm32f4xx_hal_rcc.o
      1064          0          0          0          0      38469   stm32f4xx_hal_tim.o
       188          0          0          0          0      15080   stm32f4xx_hal_tim_ex.o
       752          0          0          0          0      17661   stm32f4xx_hal_uart.o
        40          0          0          0          0       1147   stm32f4xx_it_1.o
        26          0         24          4          0       2715   system_stm32f4xx.o

    ----------------------------------------------------------------------
      5840         98        532         12       1804     148662   Object Totals
         0          0         32          0          0          0   (incl. Generated)
        74          0          0          3          8          0   (incl. Padding)

    ----------------------------------------------------------------------

      Code (inc. data)   RO Data    RW Data    ZI Data      Debug   Library Member Name

         8          0          0          0          0         68   __main.o
       104          0          0          0          0         84   __printf.o
         0          0          0          0          0          0   __rtentry.o
        12          0          0          0          0          0   __rtentry2.o
         6          0          0          0          0          0   __rtentry4.o
        52          8          0          0          0          0   __scatter.o
        26          0          0          0          0          0   __scatter_copy.o
        28          0          0          0          0          0   __scatter_zi.o
        48          6          0          0          0         96   _printf_char_common.o
         6          0          0          0          0          0   _printf_d.o
       120         16          0          0          0         92   _printf_dec.o
         6          0          0          0          0          0   _printf_f.o
      1052          0          0          0          0        148   _printf_fp_dec.o
       128         16          0          0          0         84   _printf_fp_infnan.o
       178          0          0          0          0         88   _printf_intcommon.o
         0          0          0          0          0          0   _printf_percent.o
         4          0          0          0          0          0   _printf_percent_end.o
        22          0          0          0          0        100   _rserrno.o
        10          0          0          0          0         68   _sputc.o
       228          4        148          0          0         96   bigflt0.o
      1936        128          0          0          0        672   btod.o
        18          0          0          0          0         80   exit.o
         6          0          0          0          0        152   heapauxi.o
         0          0          0          0          0          0   indicate_semi.o
        44         10         28          0          0         76   lc_numeric_c.o
         2          0          0          0          0          0   libinit.o
        22          0          0          0          0          0   libinit2.o
         2          0          0          0          0          0   libshutdown.o
         2          0          0          0          0          0   libshutdown2.o
         8          4          0          0         96         68   libspace.o
       138          0          0          0          0         80   lludiv10.o
       240          0          0          0          0        100   lludivv7m.o
        40          6          0          0          0         84   noretval__2sprintf.o
         8          4          0          0          0         68   rt_errno_addr_intlibspace.o
         8          4          0          0          0         68   rt_locale_intlibspace.o
        78          0          0          0          0         80   rt_memclr_w.o
         2          0          0          0          0          0   rtexit.o
        10          0          0          0          0          0   rtexit2.o
       124          0          0          0          0         88   strcmpv7em.o
        62          0          0          0          0         76   strlen.o
        12          4          0          0          0         68   sys_exit.o
        74          0          0          0          0         80   sys_stackheap_outer.o
         2          0          0          0          0         68   use_no_semi.o
        12          0          0          0          0        116   dretinf.o
        86          4          0          0          0        132   f2d.o
       140          4          0          0          0        132   fnaninf.o
        26          0          0          0          0        116   fpinit.o
         4          0          0          0          0        116   printf1.o
         0          0          0          0          0          0   usenofp.o
        48          0          0          0          0        124   fpclassify.o
        42         12          0          0          0        348   funder.o
       364         44         64          0          0        140   logf.o

    ----------------------------------------------------------------------
      5612        274        240          0         96       4056   Library Totals
        14          0          0          0          0          0   (incl. Padding)

    ----------------------------------------------------------------------

      Code (inc. data)   RO Data    RW Data    ZI Data      Debug   Library Name

      4876        210        176          0         96       2832   c_w.l
       268          8          0          0          0        612   fz_wm.l
       454         56         64          0          0        612   m_wm.l

    ----------------------------------------------------------------------
      5612        274        240          0         96       4056   Library Totals

    ----------------------------------------------------------------------

==============================================================================


      Code (inc. data)   RO Data    RW Data    ZI Data      Debug   

     11452        372        772         12       1900     150202   Grand Totals
     11452        372        772         12       1900     150202   ELF Image Totals
     11452        372        772         12          0          0   ROM Totals

==============================================================================

    Total RO  Size (Code + RO Data)                12224 (  11.94kB)
    Total RW  Size (RW Data + ZI Data)              1912 (   1.87kB)
    Total ROM Size (Code + RO Data + RW Data)      12236 (  11.95kB)

==============================================================================

